Component: ARM Compiler 5.06 update 6 (build 750) Tool: armlink [4d35ed]

==============================================================================

Section Cross References

    startup.o(RESET) refers to startup.o(STACK) for StackMem
    startup.o(RESET) refers to entry.o(.ARM.Collect$$$$00000000) for __main
    launchpad.o(i.LaunchPad_WaitForRelease) refers to launchpad.o(i.DelayMs) for DelayMs
    launchpad.o(i.LaunchPad_WaitForTouch) refers to launchpad.o(i.DelayMs) for DelayMs
    main.o(i.demo_circle) refers to epdgl.o(i.epdgl_clear) for epdgl_clear
    main.o(i.demo_circle) refers to epdgl.o(i.epdgl_draw_circle) for epdgl_draw_circle
    main.o(i.demo_circle) refers to epdgl.o(i.epdgl_fill_circle) for epdgl_fill_circle
    main.o(i.demo_circle) refers to epdgl.o(i.epdgl_draw_string) for epdgl_draw_string
    main.o(i.demo_circle) refers to epdgl.o(i.epdgl_update_screen) for epdgl_update_screen
    main.o(i.demo_circle) refers to font.o(.data) for CascadiaMono24
    main.o(i.demo_lines) refers to epdgl.o(i.epdgl_clear) for epdgl_clear
    main.o(i.demo_lines) refers to epdgl.o(i.epdgl_draw_line) for epdgl_draw_line
    main.o(i.demo_lines) refers to epdgl.o(i.epdgl_draw_string) for epdgl_draw_string
    main.o(i.demo_lines) refers to epdgl.o(i.epdgl_update_screen) for epdgl_update_screen
    main.o(i.demo_lines) refers to font.o(.data) for CascadiaMono24
    main.o(i.demo_plot) refers to epdgl.o(i.epdgl_clear) for epdgl_clear
    main.o(i.demo_plot) refers to memcpya.o(.text) for __aeabi_memcpy4
    main.o(i.demo_plot) refers to epdgl.o(i.epdgl_plot) for epdgl_plot
    main.o(i.demo_plot) refers to epdgl.o(i.epdgl_draw_string) for epdgl_draw_string
    main.o(i.demo_plot) refers to epdgl.o(i.epdgl_update_screen) for epdgl_update_screen
    main.o(i.demo_plot) refers to main.o(.constdata) for .constdata
    main.o(i.demo_plot) refers to font.o(.data) for CascadiaMono24
    main.o(i.demo_rect) refers to epdgl.o(i.epdgl_clear) for epdgl_clear
    main.o(i.demo_rect) refers to epdgl.o(i.epdgl_draw_rect) for epdgl_draw_rect
    main.o(i.demo_rect) refers to epdgl.o(i.epdgl_fill_rect) for epdgl_fill_rect
    main.o(i.demo_rect) refers to epdgl.o(i.epdgl_draw_string) for epdgl_draw_string
    main.o(i.demo_rect) refers to epdgl.o(i.epdgl_update_screen) for epdgl_update_screen
    main.o(i.demo_rect) refers to font.o(.data) for CascadiaMono24
    main.o(i.demo_text) refers to epdgl.o(i.epdgl_clear) for epdgl_clear
    main.o(i.demo_text) refers to epdgl.o(i.epdgl_draw_string) for epdgl_draw_string
    main.o(i.demo_text) refers to epdgl.o(i.epdgl_update_screen) for epdgl_update_screen
    main.o(i.demo_text) refers to font.o(.data) for CascadiaMono24
    main.o(i.main) refers to pll.o(i.PLL_Init) for PLL_Init
    main.o(i.main) refers to startup.o(.text) for DisableInterrupts
    main.o(i.main) refers to gdew042t2.o(i.epd_init) for epd_init
    main.o(i.main) refers to main.o(i.portFinit) for portFinit
    main.o(i.main) refers to epdgl.o(i.epdgl_clear) for epdgl_clear
    main.o(i.main) refers to epdgl.o(i.epdgl_update_screen) for epdgl_update_screen
    main.o(i.main) refers to epdgl.o(i.epdgl_set_orientation) for epdgl_set_orientation
    main.o(i.main) refers to main.o(i.demo_lines) for demo_lines
    main.o(i.main) refers to main.o(i.waitPF4) for waitPF4
    main.o(i.main) refers to main.o(i.demo_rect) for demo_rect
    main.o(i.main) refers to main.o(i.demo_circle) for demo_circle
    main.o(i.main) refers to main.o(i.demo_text) for demo_text
    main.o(i.main) refers to main.o(i.demo_plot) for demo_plot
    gdew042t2.o(i.epd_clear_frame) refers to gdew042t2.o(i.wait_until_idle) for wait_until_idle
    gdew042t2.o(i.epd_clear_frame) refers to gdew042t2.o(i.writecmd) for writecmd
    gdew042t2.o(i.epd_clear_frame) refers to gdew042t2.o(i.writedata) for writedata
    gdew042t2.o(i.epd_clear_frame) refers to gdew042t2.o(i.delayms) for delayms
    gdew042t2.o(i.epd_display_frame) refers to gdew042t2.o(i.wait_until_idle) for wait_until_idle
    gdew042t2.o(i.epd_display_frame) refers to gdew042t2.o(i.writecmd) for writecmd
    gdew042t2.o(i.epd_display_frame_buffer) refers to gdew042t2.o(i.wait_until_idle) for wait_until_idle
    gdew042t2.o(i.epd_display_frame_buffer) refers to gdew042t2.o(i.writecmd) for writecmd
    gdew042t2.o(i.epd_display_frame_buffer) refers to gdew042t2.o(i.writedata) for writedata
    gdew042t2.o(i.epd_display_frame_buffer) refers to gdew042t2.o(i.delayms) for delayms
    gdew042t2.o(i.epd_init) refers to gdew042t2.o(i.tm4cInit) for tm4cInit
    gdew042t2.o(i.epd_init) refers to gdew042t2.o(i.select) for select
    gdew042t2.o(i.epd_init) refers to gdew042t2.o(i.reset) for reset
    gdew042t2.o(i.epd_init) refers to gdew042t2.o(i.writecmd) for writecmd
    gdew042t2.o(i.epd_init) refers to gdew042t2.o(i.writedata) for writedata
    gdew042t2.o(i.epd_init) refers to gdew042t2.o(i.wait_until_idle) for wait_until_idle
    gdew042t2.o(i.epd_init) refers to gdew042t2.o(i.epd_set_lut_slow) for epd_set_lut_slow
    gdew042t2.o(i.epd_reset) refers to gdew042t2.o(i.wait_until_idle) for wait_until_idle
    gdew042t2.o(i.epd_reset) refers to gdew042t2.o(i.reset) for reset
    gdew042t2.o(i.epd_set_lut_fast) refers to gdew042t2.o(i.wait_until_idle) for wait_until_idle
    gdew042t2.o(i.epd_set_lut_fast) refers to gdew042t2.o(i.writecmd) for writecmd
    gdew042t2.o(i.epd_set_lut_fast) refers to gdew042t2.o(i.writedata) for writedata
    gdew042t2.o(i.epd_set_lut_fast) refers to gdew042t2.o(.constdata) for lut_vcom0_fast
    gdew042t2.o(i.epd_set_lut_slow) refers to gdew042t2.o(i.wait_until_idle) for wait_until_idle
    gdew042t2.o(i.epd_set_lut_slow) refers to gdew042t2.o(i.writecmd) for writecmd
    gdew042t2.o(i.epd_set_lut_slow) refers to gdew042t2.o(i.writedata) for writedata
    gdew042t2.o(i.epd_set_lut_slow) refers to gdew042t2.o(.constdata) for lut_vcom0_slow
    gdew042t2.o(i.epd_set_partial_window) refers to gdew042t2.o(i.wait_until_idle) for wait_until_idle
    gdew042t2.o(i.epd_set_partial_window) refers to gdew042t2.o(i.writecmd) for writecmd
    gdew042t2.o(i.epd_set_partial_window) refers to gdew042t2.o(i.writedata) for writedata
    gdew042t2.o(i.epd_set_partial_window) refers to gdew042t2.o(i.delayms) for delayms
    gdew042t2.o(i.epd_sleep) refers to gdew042t2.o(i.wait_until_idle) for wait_until_idle
    gdew042t2.o(i.epd_sleep) refers to gdew042t2.o(i.writecmd) for writecmd
    gdew042t2.o(i.epd_sleep) refers to gdew042t2.o(i.writedata) for writedata
    gdew042t2.o(i.epd_sleep) refers to gdew042t2.o(i.delayms) for delayms
    gdew042t2.o(i.reset) refers to gdew042t2.o(i.delayms) for delayms
    gdew042t2.o(i.wait_until_idle) refers to gdew042t2.o(i.delayms) for delayms
    epdgl.o(i.epdgl_absolute) refers to epdgl.o(.data) for EPDGL_ROT
    epdgl.o(i.epdgl_clear) refers to epdgl.o(.bss) for EPDGL_BUF
    epdgl.o(i.epdgl_draw_abs_horizontal) refers to epdgl.o(.bss) for EPDGL_BUF
    epdgl.o(i.epdgl_draw_abs_pixel) refers to epdgl.o(.bss) for EPDGL_BUF
    epdgl.o(i.epdgl_draw_abs_vertical) refers to epdgl.o(.bss) for EPDGL_BUF
    epdgl.o(i.epdgl_draw_char) refers to epdgl.o(i.epdgl_draw_pixel) for epdgl_draw_pixel
    epdgl.o(i.epdgl_draw_circle) refers to epdgl.o(i.epdgl_absolute) for epdgl_absolute
    epdgl.o(i.epdgl_draw_circle) refers to epdgl.o(i.epdgl_draw_abs_pixel) for epdgl_draw_abs_pixel
    epdgl.o(i.epdgl_draw_line) refers to epdgl.o(i.epdgl_absolute) for epdgl_absolute
    epdgl.o(i.epdgl_draw_line) refers to epdgl.o(i.epdgl_draw_abs_pixel) for epdgl_draw_abs_pixel
    epdgl.o(i.epdgl_draw_pixel) refers to epdgl.o(i.epdgl_absolute) for epdgl_absolute
    epdgl.o(i.epdgl_draw_pixel) refers to epdgl.o(i.epdgl_draw_abs_pixel) for epdgl_draw_abs_pixel
    epdgl.o(i.epdgl_draw_rect) refers to epdgl.o(i.epdgl_absolute) for epdgl_absolute
    epdgl.o(i.epdgl_draw_rect) refers to epdgl.o(i.epdgl_draw_abs_horizontal) for epdgl_draw_abs_horizontal
    epdgl.o(i.epdgl_draw_rect) refers to epdgl.o(i.epdgl_draw_abs_vertical) for epdgl_draw_abs_vertical
    epdgl.o(i.epdgl_draw_string) refers to epdgl.o(i.epdgl_draw_char) for epdgl_draw_char
    epdgl.o(i.epdgl_fill_circle) refers to epdgl.o(i.epdgl_absolute) for epdgl_absolute
    epdgl.o(i.epdgl_fill_circle) refers to epdgl.o(i.epdgl_draw_abs_pixel) for epdgl_draw_abs_pixel
    epdgl.o(i.epdgl_fill_circle) refers to epdgl.o(i.epdgl_draw_abs_horizontal) for epdgl_draw_abs_horizontal
    epdgl.o(i.epdgl_fill_rect) refers to epdgl.o(i.epdgl_absolute) for epdgl_absolute
    epdgl.o(i.epdgl_fill_rect) refers to epdgl.o(i.epdgl_draw_abs_horizontal) for epdgl_draw_abs_horizontal
    epdgl.o(i.epdgl_init) refers to epdgl.o(i.epdgl_clear) for epdgl_clear
    epdgl.o(i.epdgl_invert) refers to epdgl.o(.bss) for EPDGL_BUF
    epdgl.o(i.epdgl_plot) refers to epdgl.o(i.epdgl_draw_line) for epdgl_draw_line
    epdgl.o(i.epdgl_set_orientation) refers to epdgl.o(.data) for EPDGL_ROT
    epdgl.o(i.epdgl_update_screen) refers to gdew042t2.o(i.epd_is_idle) for epd_is_idle
    epdgl.o(i.epdgl_update_screen) refers to gdew042t2.o(i.epd_set_lut_fast) for epd_set_lut_fast
    epdgl.o(i.epdgl_update_screen) refers to gdew042t2.o(i.epd_set_lut_slow) for epd_set_lut_slow
    epdgl.o(i.epdgl_update_screen) refers to gdew042t2.o(i.epd_display_frame_buffer) for epd_display_frame_buffer
    epdgl.o(i.epdgl_update_screen) refers to epdgl.o(.data) for fast_refresh_count
    epdgl.o(i.epdgl_update_screen) refers to epdgl.o(.bss) for EPDGL_BUF
    font.o(.data) refers to font.o(.constdata) for CascadiaMono24_Widths
    entry.o(.ARM.Collect$$$$00000000) refers (Special) to entry10a.o(.ARM.Collect$$$$0000000D) for __rt_final_cpp
    entry.o(.ARM.Collect$$$$00000000) refers (Special) to entry11a.o(.ARM.Collect$$$$0000000F) for __rt_final_exit
    entry.o(.ARM.Collect$$$$00000000) refers (Special) to entry7b.o(.ARM.Collect$$$$00000008) for _main_clock
    entry.o(.ARM.Collect$$$$00000000) refers (Special) to entry8b.o(.ARM.Collect$$$$0000000A) for _main_cpp_init
    entry.o(.ARM.Collect$$$$00000000) refers (Special) to entry9a.o(.ARM.Collect$$$$0000000B) for _main_init
    entry.o(.ARM.Collect$$$$00000000) refers (Special) to entry5.o(.ARM.Collect$$$$00000004) for _main_scatterload
    entry.o(.ARM.Collect$$$$00000000) refers (Special) to entry2.o(.ARM.Collect$$$$00000001) for _main_stk
    entry2.o(.ARM.Collect$$$$00000001) refers to entry2.o(.ARM.Collect$$$$00002712) for __lit__00000000
    entry2.o(.ARM.Collect$$$$00002712) refers to startup.o(STACK) for __initial_sp
    entry2.o(__vectab_stack_and_reset_area) refers to startup.o(STACK) for __initial_sp
    entry2.o(__vectab_stack_and_reset_area) refers to entry.o(.ARM.Collect$$$$00000000) for __main
    entry5.o(.ARM.Collect$$$$00000004) refers to init.o(.text) for __scatterload
    entry9a.o(.ARM.Collect$$$$0000000B) refers to main.o(i.main) for main
    entry9b.o(.ARM.Collect$$$$0000000C) refers to main.o(i.main) for main
    init.o(.text) refers to entry5.o(.ARM.Collect$$$$00000004) for __main_after_scatterload


==============================================================================

Removing Unused input sections from the image.

    Removing startup.o(HEAP), (0 bytes).
    Removing launchpad.o(i.DelayMs), (32 bytes).
    Removing launchpad.o(i.LaunchPad_Init), (92 bytes).
    Removing launchpad.o(i.LaunchPad_Input), (24 bytes).
    Removing launchpad.o(i.LaunchPad_Output), (12 bytes).
    Removing launchpad.o(i.LaunchPad_WaitForRelease), (56 bytes).
    Removing launchpad.o(i.LaunchPad_WaitForTouch), (32 bytes).
    Removing gdew042t2.o(i.deselect), (28 bytes).
    Removing gdew042t2.o(i.epd_clear_frame), (114 bytes).
    Removing gdew042t2.o(i.epd_display_frame), (14 bytes).
    Removing gdew042t2.o(i.epd_reset), (12 bytes).
    Removing gdew042t2.o(i.epd_set_partial_window), (212 bytes).
    Removing gdew042t2.o(i.epd_sleep), (102 bytes).
    Removing epdgl.o(i.epdgl_init), (8 bytes).
    Removing epdgl.o(i.epdgl_invert), (32 bytes).

15 unused section(s) (total 770 bytes) removed from the image.

==============================================================================

Image Symbol Table

    Local Symbols

    Symbol Name                              Value     Ov Type        Size  Object(Section)

    RESET                                    0x00000000   Section      644  startup.o(RESET)
    ../clib/microlib/init/entry.s            0x00000000   Number         0  entry10a.o ABSOLUTE
    ../clib/microlib/init/entry.s            0x00000000   Number         0  entry11a.o ABSOLUTE
    ../clib/microlib/init/entry.s            0x00000000   Number         0  entry.o ABSOLUTE
    ../clib/microlib/init/entry.s            0x00000000   Number         0  entry2.o ABSOLUTE
    ../clib/microlib/init/entry.s            0x00000000   Number         0  entry9b.o ABSOLUTE
    ../clib/microlib/init/entry.s            0x00000000   Number         0  entry5.o ABSOLUTE
    ../clib/microlib/init/entry.s            0x00000000   Number         0  entry7a.o ABSOLUTE
    ../clib/microlib/init/entry.s            0x00000000   Number         0  entry7b.o ABSOLUTE
    ../clib/microlib/init/entry.s            0x00000000   Number         0  entry8a.o ABSOLUTE
    ../clib/microlib/init/entry.s            0x00000000   Number         0  entry8b.o ABSOLUTE
    ../clib/microlib/init/entry.s            0x00000000   Number         0  entry10b.o ABSOLUTE
    ../clib/microlib/init/entry.s            0x00000000   Number         0  entry9a.o ABSOLUTE
    ../clib/microlib/init/entry.s            0x00000000   Number         0  entry11b.o ABSOLUTE
    ../clib/microlib/string/memcpy.c         0x00000000   Number         0  memcpyb.o ABSOLUTE
    ../clib/microlib/string/memcpy.c         0x00000000   Number         0  memcpya.o ABSOLUTE
    ..\inc\LaunchPad.c                       0x00000000   Number         0  launchpad.o ABSOLUTE
    ..\inc\PLL.c                             0x00000000   Number         0  pll.o ABSOLUTE
    dc.s                                     0x00000000   Number         0  dc.o ABSOLUTE
    epdgl.c                                  0x00000000   Number         0  epdgl.o ABSOLUTE
    font.c                                   0x00000000   Number         0  font.o ABSOLUTE
    gdew042t2.c                              0x00000000   Number         0  gdew042t2.o ABSOLUTE
    handlers.s                               0x00000000   Number         0  handlers.o ABSOLUTE
    init.s                                   0x00000000   Number         0  init.o ABSOLUTE
    main.c                                   0x00000000   Number         0  main.o ABSOLUTE
    startup.s                                0x00000000   Number         0  startup.o ABSOLUTE
    .ARM.Collect$$$$00000000                 0x00000284   Section        0  entry.o(.ARM.Collect$$$$00000000)
    .ARM.Collect$$$$00000001                 0x00000284   Section        4  entry2.o(.ARM.Collect$$$$00000001)
    .ARM.Collect$$$$00000004                 0x00000288   Section        4  entry5.o(.ARM.Collect$$$$00000004)
    .ARM.Collect$$$$00000008                 0x0000028c   Section        0  entry7b.o(.ARM.Collect$$$$00000008)
    .ARM.Collect$$$$0000000A                 0x0000028c   Section        0  entry8b.o(.ARM.Collect$$$$0000000A)
    .ARM.Collect$$$$0000000B                 0x0000028c   Section        8  entry9a.o(.ARM.Collect$$$$0000000B)
    .ARM.Collect$$$$0000000D                 0x00000294   Section        0  entry10a.o(.ARM.Collect$$$$0000000D)
    .ARM.Collect$$$$0000000F                 0x00000294   Section        0  entry11a.o(.ARM.Collect$$$$0000000F)
    .ARM.Collect$$$$00002712                 0x00000294   Section        4  entry2.o(.ARM.Collect$$$$00002712)
    __lit__00000000                          0x00000294   Data           4  entry2.o(.ARM.Collect$$$$00002712)
    .text                                    0x00000298   Section       28  startup.o(.text)
    .text                                    0x000002b4   Section        0  memcpya.o(.text)
    .text                                    0x000002d8   Section       36  init.o(.text)
    i.PLL_Init                               0x000002fc   Section        0  pll.o(i.PLL_Init)
    i.__scatterload_copy                     0x00000378   Section       14  handlers.o(i.__scatterload_copy)
    i.__scatterload_null                     0x00000386   Section        2  handlers.o(i.__scatterload_null)
    i.__scatterload_zeroinit                 0x00000388   Section       14  handlers.o(i.__scatterload_zeroinit)
    i.delayms                                0x00000396   Section        0  gdew042t2.o(i.delayms)
    i.demo_circle                            0x000003b8   Section        0  main.o(i.demo_circle)
    i.demo_lines                             0x0000042c   Section        0  main.o(i.demo_lines)
    i.demo_plot                              0x000004c0   Section        0  main.o(i.demo_plot)
    i.demo_rect                              0x00000534   Section        0  main.o(i.demo_rect)
    i.demo_text                              0x000005bc   Section        0  main.o(i.demo_text)
    i.epd_display_frame_buffer               0x00000634   Section        0  gdew042t2.o(i.epd_display_frame_buffer)
    i.epd_init                               0x000006ba   Section        0  gdew042t2.o(i.epd_init)
    i.epd_is_idle                            0x00000732   Section        0  gdew042t2.o(i.epd_is_idle)
    i.epd_set_lut_fast                       0x00000744   Section        0  gdew042t2.o(i.epd_set_lut_fast)
    i.epd_set_lut_slow                       0x000007d8   Section        0  gdew042t2.o(i.epd_set_lut_slow)
    i.epdgl_absolute                         0x0000086c   Section        0  epdgl.o(i.epdgl_absolute)
    epdgl_absolute                           0x0000086d   Thumb Code    72  epdgl.o(i.epdgl_absolute)
    i.epdgl_clear                            0x000008b8   Section        0  epdgl.o(i.epdgl_clear)
    i.epdgl_draw_abs_horizontal              0x000008d4   Section        0  epdgl.o(i.epdgl_draw_abs_horizontal)
    epdgl_draw_abs_horizontal                0x000008d5   Thumb Code   370  epdgl.o(i.epdgl_draw_abs_horizontal)
    i.epdgl_draw_abs_pixel                   0x00000a4c   Section        0  epdgl.o(i.epdgl_draw_abs_pixel)
    epdgl_draw_abs_pixel                     0x00000a4d   Thumb Code   156  epdgl.o(i.epdgl_draw_abs_pixel)
    i.epdgl_draw_abs_vertical                0x00000aec   Section        0  epdgl.o(i.epdgl_draw_abs_vertical)
    epdgl_draw_abs_vertical                  0x00000aed   Thumb Code   160  epdgl.o(i.epdgl_draw_abs_vertical)
    i.epdgl_draw_char                        0x00000b90   Section        0  epdgl.o(i.epdgl_draw_char)
    i.epdgl_draw_circle                      0x00000c04   Section        0  epdgl.o(i.epdgl_draw_circle)
    i.epdgl_draw_line                        0x00000c8e   Section        0  epdgl.o(i.epdgl_draw_line)
    i.epdgl_draw_pixel                       0x00000d78   Section        0  epdgl.o(i.epdgl_draw_pixel)
    i.epdgl_draw_rect                        0x00000d90   Section        0  epdgl.o(i.epdgl_draw_rect)
    i.epdgl_draw_string                      0x00000e3c   Section        0  epdgl.o(i.epdgl_draw_string)
    i.epdgl_fill_circle                      0x00000e80   Section        0  epdgl.o(i.epdgl_fill_circle)
    i.epdgl_fill_rect                        0x00000f32   Section        0  epdgl.o(i.epdgl_fill_rect)
    i.epdgl_plot                             0x00000fc0   Section        0  epdgl.o(i.epdgl_plot)
    i.epdgl_set_orientation                  0x000010c4   Section        0  epdgl.o(i.epdgl_set_orientation)
    i.epdgl_update_screen                    0x000010d0   Section        0  epdgl.o(i.epdgl_update_screen)
    i.main                                   0x00001120   Section        0  main.o(i.main)
    i.portFinit                              0x00001174   Section        0  main.o(i.portFinit)
    i.reset                                  0x000011d0   Section        0  gdew042t2.o(i.reset)
    i.select                                 0x000011f4   Section        0  gdew042t2.o(i.select)
    i.tm4cInit                               0x00001210   Section        0  gdew042t2.o(i.tm4cInit)
    i.waitPF4                                0x00001348   Section        0  main.o(i.waitPF4)
    i.wait_until_idle                        0x00001370   Section        0  gdew042t2.o(i.wait_until_idle)
    i.writecmd                               0x00001388   Section        0  gdew042t2.o(i.writecmd)
    i.writedata                              0x000013b8   Section        0  gdew042t2.o(i.writedata)
    .constdata                               0x000013dc   Section    15068  main.o(.constdata)
    .constdata                               0x00004eb8   Section      636  gdew042t2.o(.constdata)
    .constdata                               0x00005134   Section     4823  font.o(.constdata)
    CascadiaMono24_Bitmaps                   0x00005134   Data        4732  font.o(.constdata)
    CascadiaMono24_Widths                    0x000063b0   Data          91  font.o(.constdata)
    .data                                    0x20000000   Section        8  epdgl.o(.data)
    EPDGL_ROT                                0x20000000   Data           1  epdgl.o(.data)
    fast_refresh_count                       0x20000004   Data           4  epdgl.o(.data)
    .data                                    0x20000008   Section       16  font.o(.data)
    .bss                                     0x20000018   Section    15000  epdgl.o(.bss)
    EPDGL_BUF                                0x20000018   Data       15000  epdgl.o(.bss)
    STACK                                    0x20003ab0   Section     1024  startup.o(STACK)
    StackMem                                 0x20003ab0   Data           0  startup.o(STACK)

    Global Symbols

    Symbol Name                              Value     Ov Type        Size  Object(Section)

    BuildAttributes$$THM_ISAv4$E$P$D$K$B$S$7EM$PE$A:L22UL41UL21$X:L11$S22US41US21$IEEE1$IW$USESV6$~STKCKD$USESV7$~SHL$OSPACE$EBA8$MICROLIB$REQ8$PRES8$EABIv2 0x00000000   Number         0  anon$$obj.o ABSOLUTE
    __ARM_use_no_argv                        0x00000000   Number         0  main.o ABSOLUTE
    __Vectors                                0x00000000   Data           0  startup.o(RESET)
    __cpp_initialize__aeabi_                  - Undefined Weak Reference
    __cxa_finalize                            - Undefined Weak Reference
    __decompress                              - Undefined Weak Reference
    _clock_init                               - Undefined Weak Reference
    _microlib_exit                            - Undefined Weak Reference
    Reset_Handler                            0x0000026d   Thumb Code     0  startup.o(RESET)
    NMI_Handler                              0x00000271   Thumb Code     2  startup.o(RESET)
    HardFault_Handler                        0x00000273   Thumb Code     2  startup.o(RESET)
    MemManage_Handler                        0x00000275   Thumb Code     2  startup.o(RESET)
    BusFault_Handler                         0x00000277   Thumb Code     2  startup.o(RESET)
    UsageFault_Handler                       0x00000279   Thumb Code     2  startup.o(RESET)
    SVC_Handler                              0x0000027b   Thumb Code     2  startup.o(RESET)
    DebugMon_Handler                         0x0000027d   Thumb Code     2  startup.o(RESET)
    PendSV_Handler                           0x0000027f   Thumb Code     2  startup.o(RESET)
    SysTick_Handler                          0x00000281   Thumb Code     2  startup.o(RESET)
    ADC0Seq0_Handler                         0x00000283   Thumb Code     0  startup.o(RESET)
    ADC0Seq1_Handler                         0x00000283   Thumb Code     0  startup.o(RESET)
    ADC0Seq2_Handler                         0x00000283   Thumb Code     0  startup.o(RESET)
    ADC0Seq3_Handler                         0x00000283   Thumb Code     0  startup.o(RESET)
    ADC1Seq0_Handler                         0x00000283   Thumb Code     0  startup.o(RESET)
    ADC1Seq1_Handler                         0x00000283   Thumb Code     0  startup.o(RESET)
    ADC1Seq2_Handler                         0x00000283   Thumb Code     0  startup.o(RESET)
    ADC1Seq3_Handler                         0x00000283   Thumb Code     0  startup.o(RESET)
    CAN0_Handler                             0x00000283   Thumb Code     0  startup.o(RESET)
    CAN1_Handler                             0x00000283   Thumb Code     0  startup.o(RESET)
    CAN2_Handler                             0x00000283   Thumb Code     0  startup.o(RESET)
    Comp0_Handler                            0x00000283   Thumb Code     0  startup.o(RESET)
    Comp1_Handler                            0x00000283   Thumb Code     0  startup.o(RESET)
    Comp2_Handler                            0x00000283   Thumb Code     0  startup.o(RESET)
    Ethernet_Handler                         0x00000283   Thumb Code     0  startup.o(RESET)
    ExtBus_Handler                           0x00000283   Thumb Code     0  startup.o(RESET)
    FPU_Handler                              0x00000283   Thumb Code     0  startup.o(RESET)
    Fan0_Handler                             0x00000283   Thumb Code     0  startup.o(RESET)
    FlashCtl_Handler                         0x00000283   Thumb Code     0  startup.o(RESET)
    GPIOPortA_Handler                        0x00000283   Thumb Code     0  startup.o(RESET)
    GPIOPortB_Handler                        0x00000283   Thumb Code     0  startup.o(RESET)
    GPIOPortC_Handler                        0x00000283   Thumb Code     0  startup.o(RESET)
    GPIOPortD_Handler                        0x00000283   Thumb Code     0  startup.o(RESET)
    GPIOPortE_Handler                        0x00000283   Thumb Code     0  startup.o(RESET)
    GPIOPortF_Handler                        0x00000283   Thumb Code     0  startup.o(RESET)
    GPIOPortG_Handler                        0x00000283   Thumb Code     0  startup.o(RESET)
    GPIOPortH_Handler                        0x00000283   Thumb Code     0  startup.o(RESET)
    GPIOPortJ_Handler                        0x00000283   Thumb Code     0  startup.o(RESET)
    GPIOPortK_Handler                        0x00000283   Thumb Code     0  startup.o(RESET)
    GPIOPortL_Handler                        0x00000283   Thumb Code     0  startup.o(RESET)
    GPIOPortM_Handler                        0x00000283   Thumb Code     0  startup.o(RESET)
    GPIOPortN_Handler                        0x00000283   Thumb Code     0  startup.o(RESET)
    GPIOPortP1_Handler                       0x00000283   Thumb Code     0  startup.o(RESET)
    GPIOPortP2_Handler                       0x00000283   Thumb Code     0  startup.o(RESET)
    GPIOPortP3_Handler                       0x00000283   Thumb Code     0  startup.o(RESET)
    GPIOPortP4_Handler                       0x00000283   Thumb Code     0  startup.o(RESET)
    GPIOPortP5_Handler                       0x00000283   Thumb Code     0  startup.o(RESET)
    GPIOPortP6_Handler                       0x00000283   Thumb Code     0  startup.o(RESET)
    GPIOPortP7_Handler                       0x00000283   Thumb Code     0  startup.o(RESET)
    GPIOPortP_Handler                        0x00000283   Thumb Code     0  startup.o(RESET)
    GPIOPortQ1_Handler                       0x00000283   Thumb Code     0  startup.o(RESET)
    GPIOPortQ2_Handler                       0x00000283   Thumb Code     0  startup.o(RESET)
    GPIOPortQ3_Handler                       0x00000283   Thumb Code     0  startup.o(RESET)
    GPIOPortQ4_Handler                       0x00000283   Thumb Code     0  startup.o(RESET)
    GPIOPortQ5_Handler                       0x00000283   Thumb Code     0  startup.o(RESET)
    GPIOPortQ6_Handler                       0x00000283   Thumb Code     0  startup.o(RESET)
    GPIOPortQ7_Handler                       0x00000283   Thumb Code     0  startup.o(RESET)
    GPIOPortQ_Handler                        0x00000283   Thumb Code     0  startup.o(RESET)
    GPIOPortR_Handler                        0x00000283   Thumb Code     0  startup.o(RESET)
    GPIOPortS_Handler                        0x00000283   Thumb Code     0  startup.o(RESET)
    Hibernate_Handler                        0x00000283   Thumb Code     0  startup.o(RESET)
    I2C0_Handler                             0x00000283   Thumb Code     0  startup.o(RESET)
    I2C1_Handler                             0x00000283   Thumb Code     0  startup.o(RESET)
    I2C2_Handler                             0x00000283   Thumb Code     0  startup.o(RESET)
    I2C3_Handler                             0x00000283   Thumb Code     0  startup.o(RESET)
    I2C4_Handler                             0x00000283   Thumb Code     0  startup.o(RESET)
    I2C5_Handler                             0x00000283   Thumb Code     0  startup.o(RESET)
    I2S0_Handler                             0x00000283   Thumb Code     0  startup.o(RESET)
    LPC0_Handler                             0x00000283   Thumb Code     0  startup.o(RESET)
    PECI0_Handler                            0x00000283   Thumb Code     0  startup.o(RESET)
    PWM0Fault_Handler                        0x00000283   Thumb Code     0  startup.o(RESET)
    PWM0Generator0_Handler                   0x00000283   Thumb Code     0  startup.o(RESET)
    PWM0Generator1_Handler                   0x00000283   Thumb Code     0  startup.o(RESET)
    PWM0Generator2_Handler                   0x00000283   Thumb Code     0  startup.o(RESET)
    PWM0Generator3_Handler                   0x00000283   Thumb Code     0  startup.o(RESET)
    PWM1Fault_Handler                        0x00000283   Thumb Code     0  startup.o(RESET)
    PWM1Generator0_Handler                   0x00000283   Thumb Code     0  startup.o(RESET)
    PWM1Generator1_Handler                   0x00000283   Thumb Code     0  startup.o(RESET)
    PWM1Generator2_Handler                   0x00000283   Thumb Code     0  startup.o(RESET)
    PWM1Generator3_Handler                   0x00000283   Thumb Code     0  startup.o(RESET)
    Quadrature0_Handler                      0x00000283   Thumb Code     0  startup.o(RESET)
    Quadrature1_Handler                      0x00000283   Thumb Code     0  startup.o(RESET)
    Quadrature2_Handler                      0x00000283   Thumb Code     0  startup.o(RESET)
    SSI0_Handler                             0x00000283   Thumb Code     0  startup.o(RESET)
    SSI1_Handler                             0x00000283   Thumb Code     0  startup.o(RESET)
    SSI2_Handler                             0x00000283   Thumb Code     0  startup.o(RESET)
    SSI3_Handler                             0x00000283   Thumb Code     0  startup.o(RESET)
    SysCtl_Handler                           0x00000283   Thumb Code     0  startup.o(RESET)
    Timer0A_Handler                          0x00000283   Thumb Code     0  startup.o(RESET)
    Timer0B_Handler                          0x00000283   Thumb Code     0  startup.o(RESET)
    Timer1A_Handler                          0x00000283   Thumb Code     0  startup.o(RESET)
    Timer1B_Handler                          0x00000283   Thumb Code     0  startup.o(RESET)
    Timer2A_Handler                          0x00000283   Thumb Code     0  startup.o(RESET)
    Timer2B_Handler                          0x00000283   Thumb Code     0  startup.o(RESET)
    Timer3A_Handler                          0x00000283   Thumb Code     0  startup.o(RESET)
    Timer3B_Handler                          0x00000283   Thumb Code     0  startup.o(RESET)
    Timer4A_Handler                          0x00000283   Thumb Code     0  startup.o(RESET)
    Timer4B_Handler                          0x00000283   Thumb Code     0  startup.o(RESET)
    Timer5A_Handler                          0x00000283   Thumb Code     0  startup.o(RESET)
    Timer5B_Handler                          0x00000283   Thumb Code     0  startup.o(RESET)
    UART0_Handler                            0x00000283   Thumb Code     0  startup.o(RESET)
    UART1_Handler                            0x00000283   Thumb Code     0  startup.o(RESET)
    UART2_Handler                            0x00000283   Thumb Code     0  startup.o(RESET)
    UART3_Handler                            0x00000283   Thumb Code     0  startup.o(RESET)
    UART4_Handler                            0x00000283   Thumb Code     0  startup.o(RESET)
    UART5_Handler                            0x00000283   Thumb Code     0  startup.o(RESET)
    UART6_Handler                            0x00000283   Thumb Code     0  startup.o(RESET)
    UART7_Handler                            0x00000283   Thumb Code     0  startup.o(RESET)
    USB0_Handler                             0x00000283   Thumb Code     0  startup.o(RESET)
    WDT_Handler                              0x00000283   Thumb Code     0  startup.o(RESET)
    WideTimer0A_Handler                      0x00000283   Thumb Code     0  startup.o(RESET)
    WideTimer0B_Handler                      0x00000283   Thumb Code     0  startup.o(RESET)
    WideTimer1A_Handler                      0x00000283   Thumb Code     0  startup.o(RESET)
    WideTimer1B_Handler                      0x00000283   Thumb Code     0  startup.o(RESET)
    WideTimer2A_Handler                      0x00000283   Thumb Code     0  startup.o(RESET)
    WideTimer2B_Handler                      0x00000283   Thumb Code     0  startup.o(RESET)
    WideTimer3A_Handler                      0x00000283   Thumb Code     0  startup.o(RESET)
    WideTimer3B_Handler                      0x00000283   Thumb Code     0  startup.o(RESET)
    WideTimer4A_Handler                      0x00000283   Thumb Code     0  startup.o(RESET)
    WideTimer4B_Handler                      0x00000283   Thumb Code     0  startup.o(RESET)
    WideTimer5A_Handler                      0x00000283   Thumb Code     0  startup.o(RESET)
    WideTimer5B_Handler                      0x00000283   Thumb Code     0  startup.o(RESET)
    uDMA_Error                               0x00000283   Thumb Code     0  startup.o(RESET)
    uDMA_Handler                             0x00000283   Thumb Code     0  startup.o(RESET)
    __main                                   0x00000285   Thumb Code     0  entry.o(.ARM.Collect$$$$00000000)
    _main_stk                                0x00000285   Thumb Code     0  entry2.o(.ARM.Collect$$$$00000001)
    _main_scatterload                        0x00000289   Thumb Code     0  entry5.o(.ARM.Collect$$$$00000004)
    __main_after_scatterload                 0x0000028d   Thumb Code     0  entry5.o(.ARM.Collect$$$$00000004)
    _main_clock                              0x0000028d   Thumb Code     0  entry7b.o(.ARM.Collect$$$$00000008)
    _main_cpp_init                           0x0000028d   Thumb Code     0  entry8b.o(.ARM.Collect$$$$0000000A)
    _main_init                               0x0000028d   Thumb Code     0  entry9a.o(.ARM.Collect$$$$0000000B)
    __rt_final_cpp                           0x00000295   Thumb Code     0  entry10a.o(.ARM.Collect$$$$0000000D)
    __rt_final_exit                          0x00000295   Thumb Code     0  entry11a.o(.ARM.Collect$$$$0000000F)
    DisableInterrupts                        0x00000299   Thumb Code     0  startup.o(.text)
    EnableInterrupts                         0x0000029d   Thumb Code     0  startup.o(.text)
    StartCritical                            0x000002a1   Thumb Code     0  startup.o(.text)
    EndCritical                              0x000002a9   Thumb Code     0  startup.o(.text)
    WaitForInterrupt                         0x000002af   Thumb Code     0  startup.o(.text)
    __aeabi_memcpy                           0x000002b5   Thumb Code    36  memcpya.o(.text)
    __aeabi_memcpy4                          0x000002b5   Thumb Code     0  memcpya.o(.text)
    __aeabi_memcpy8                          0x000002b5   Thumb Code     0  memcpya.o(.text)
    __scatterload                            0x000002d9   Thumb Code    28  init.o(.text)
    __scatterload_rt2                        0x000002d9   Thumb Code     0  init.o(.text)
    PLL_Init                                 0x000002fd   Thumb Code   120  pll.o(i.PLL_Init)
    __scatterload_copy                       0x00000379   Thumb Code    14  handlers.o(i.__scatterload_copy)
    __scatterload_null                       0x00000387   Thumb Code     2  handlers.o(i.__scatterload_null)
    __scatterload_zeroinit                   0x00000389   Thumb Code    14  handlers.o(i.__scatterload_zeroinit)
    delayms                                  0x00000397   Thumb Code    32  gdew042t2.o(i.delayms)
    demo_circle                              0x000003b9   Thumb Code    98  main.o(i.demo_circle)
    demo_lines                               0x0000042d   Thumb Code   130  main.o(i.demo_lines)
    demo_plot                                0x000004c1   Thumb Code    96  main.o(i.demo_plot)
    demo_rect                                0x00000535   Thumb Code   118  main.o(i.demo_rect)
    demo_text                                0x000005bd   Thumb Code    70  main.o(i.demo_text)
    epd_display_frame_buffer                 0x00000635   Thumb Code   134  gdew042t2.o(i.epd_display_frame_buffer)
    epd_init                                 0x000006bb   Thumb Code   120  gdew042t2.o(i.epd_init)
    epd_is_idle                              0x00000733   Thumb Code    18  gdew042t2.o(i.epd_is_idle)
    epd_set_lut_fast                         0x00000745   Thumb Code   128  gdew042t2.o(i.epd_set_lut_fast)
    epd_set_lut_slow                         0x000007d9   Thumb Code   128  gdew042t2.o(i.epd_set_lut_slow)
    epdgl_clear                              0x000008b9   Thumb Code    22  epdgl.o(i.epdgl_clear)
    epdgl_draw_char                          0x00000b91   Thumb Code   116  epdgl.o(i.epdgl_draw_char)
    epdgl_draw_circle                        0x00000c05   Thumb Code   138  epdgl.o(i.epdgl_draw_circle)
    epdgl_draw_line                          0x00000c8f   Thumb Code   234  epdgl.o(i.epdgl_draw_line)
    epdgl_draw_pixel                         0x00000d79   Thumb Code    24  epdgl.o(i.epdgl_draw_pixel)
    epdgl_draw_rect                          0x00000d91   Thumb Code   172  epdgl.o(i.epdgl_draw_rect)
    epdgl_draw_string                        0x00000e3d   Thumb Code    68  epdgl.o(i.epdgl_draw_string)
    epdgl_fill_circle                        0x00000e81   Thumb Code   178  epdgl.o(i.epdgl_fill_circle)
    epdgl_fill_rect                          0x00000f33   Thumb Code   142  epdgl.o(i.epdgl_fill_rect)
    epdgl_plot                               0x00000fc1   Thumb Code   260  epdgl.o(i.epdgl_plot)
    epdgl_set_orientation                    0x000010c5   Thumb Code     6  epdgl.o(i.epdgl_set_orientation)
    epdgl_update_screen                      0x000010d1   Thumb Code    72  epdgl.o(i.epdgl_update_screen)
    main                                     0x00001121   Thumb Code    82  main.o(i.main)
    portFinit                                0x00001175   Thumb Code    70  main.o(i.portFinit)
    reset                                    0x000011d1   Thumb Code    32  gdew042t2.o(i.reset)
    select                                   0x000011f5   Thumb Code    24  gdew042t2.o(i.select)
    tm4cInit                                 0x00001211   Thumb Code   276  gdew042t2.o(i.tm4cInit)
    waitPF4                                  0x00001349   Thumb Code    34  main.o(i.waitPF4)
    wait_until_idle                          0x00001371   Thumb Code    22  gdew042t2.o(i.wait_until_idle)
    writecmd                                 0x00001389   Thumb Code    40  gdew042t2.o(i.writecmd)
    writedata                                0x000013b9   Thumb Code    26  gdew042t2.o(i.writedata)
    IMAGE_BUTTERFLY                          0x000013dc   Data       15000  main.o(.constdata)
    lut_vcom0_fast                           0x00004eb8   Data          44  gdew042t2.o(.constdata)
    lut_ww_fast                              0x00004ee4   Data          42  gdew042t2.o(.constdata)
    lut_bw_fast                              0x00004f0e   Data          42  gdew042t2.o(.constdata)
    lut_bb_fast                              0x00004f38   Data          42  gdew042t2.o(.constdata)
    lut_wb_fast                              0x00004f62   Data          42  gdew042t2.o(.constdata)
    lut_vcom0_slow                           0x00004f8c   Data          44  gdew042t2.o(.constdata)
    lut_ww_slow                              0x00004fb8   Data          42  gdew042t2.o(.constdata)
    lut_bw_slow                              0x00004fe2   Data          42  gdew042t2.o(.constdata)
    lut_bb_slow                              0x0000500c   Data          42  gdew042t2.o(.constdata)
    lut_wb_slow                              0x00005036   Data          42  gdew042t2.o(.constdata)
    lut_vcom0_partial                        0x00005060   Data          44  gdew042t2.o(.constdata)
    lut_ww_partial                           0x0000508c   Data          42  gdew042t2.o(.constdata)
    lut_bw_partial                           0x000050b6   Data          42  gdew042t2.o(.constdata)
    lut_bb_partial                           0x000050e0   Data          42  gdew042t2.o(.constdata)
    lut_wb_partial                           0x0000510a   Data          42  gdew042t2.o(.constdata)
    Region$$Table$$Base                      0x0000640c   Number         0  anon$$obj.o(Region$$Table)
    Region$$Table$$Limit                     0x0000642c   Number         0  anon$$obj.o(Region$$Table)
    CascadiaMono24                           0x20000008   Data          16  font.o(.data)
    __initial_sp                             0x20003eb0   Data           0  startup.o(STACK)



==============================================================================

Memory Map of the image

  Image Entry point : 0x0000026d

  Load Region LR_1 (Base: 0x00000000, Size: 0x00006444, Max: 0xffffffff, ABSOLUTE)

    Execution Region ER_RO (Exec base: 0x00000000, Load base: 0x00000000, Size: 0x0000642c, Max: 0xffffffff, ABSOLUTE)

    Exec Addr    Load Addr    Size         Type   Attr      Idx    E Section Name        Object

    0x00000000   0x00000000   0x00000284   Code   RO            3  * RESET               startup.o
    0x00000284   0x00000284   0x00000000   Code   RO          411  * .ARM.Collect$$$$00000000  mc_w.l(entry.o)
    0x00000284   0x00000284   0x00000004   Code   RO          418    .ARM.Collect$$$$00000001  mc_w.l(entry2.o)
    0x00000288   0x00000288   0x00000004   Code   RO          421    .ARM.Collect$$$$00000004  mc_w.l(entry5.o)
    0x0000028c   0x0000028c   0x00000000   Code   RO          423    .ARM.Collect$$$$00000008  mc_w.l(entry7b.o)
    0x0000028c   0x0000028c   0x00000000   Code   RO          425    .ARM.Collect$$$$0000000A  mc_w.l(entry8b.o)
    0x0000028c   0x0000028c   0x00000008   Code   RO          426    .ARM.Collect$$$$0000000B  mc_w.l(entry9a.o)
    0x00000294   0x00000294   0x00000000   Code   RO          428    .ARM.Collect$$$$0000000D  mc_w.l(entry10a.o)
    0x00000294   0x00000294   0x00000000   Code   RO          430    .ARM.Collect$$$$0000000F  mc_w.l(entry11a.o)
    0x00000294   0x00000294   0x00000004   Code   RO          419    .ARM.Collect$$$$00002712  mc_w.l(entry2.o)
    0x00000298   0x00000298   0x0000001c   Code   RO            4    .text               startup.o
    0x000002b4   0x000002b4   0x00000024   Code   RO          414    .text               mc_w.l(memcpya.o)
    0x000002d8   0x000002d8   0x00000024   Code   RO          432    .text               mc_w.l(init.o)
    0x000002fc   0x000002fc   0x0000007c   Code   RO           12    i.PLL_Init          pll.o
    0x00000378   0x00000378   0x0000000e   Code   RO          436    i.__scatterload_copy  mc_w.l(handlers.o)
    0x00000386   0x00000386   0x00000002   Code   RO          437    i.__scatterload_null  mc_w.l(handlers.o)
    0x00000388   0x00000388   0x0000000e   Code   RO          438    i.__scatterload_zeroinit  mc_w.l(handlers.o)
    0x00000396   0x00000396   0x00000020   Code   RO          168    i.delayms           gdew042t2.o
    0x000003b6   0x000003b6   0x00000002   PAD
    0x000003b8   0x000003b8   0x00000074   Code   RO           81    i.demo_circle       main.o
    0x0000042c   0x0000042c   0x00000094   Code   RO           82    i.demo_lines        main.o
    0x000004c0   0x000004c0   0x00000074   Code   RO           83    i.demo_plot         main.o
    0x00000534   0x00000534   0x00000088   Code   RO           84    i.demo_rect         main.o
    0x000005bc   0x000005bc   0x00000078   Code   RO           85    i.demo_text         main.o
    0x00000634   0x00000634   0x00000086   Code   RO          172    i.epd_display_frame_buffer  gdew042t2.o
    0x000006ba   0x000006ba   0x00000078   Code   RO          173    i.epd_init          gdew042t2.o
    0x00000732   0x00000732   0x00000012   Code   RO          174    i.epd_is_idle       gdew042t2.o
    0x00000744   0x00000744   0x00000094   Code   RO          176    i.epd_set_lut_fast  gdew042t2.o
    0x000007d8   0x000007d8   0x00000094   Code   RO          177    i.epd_set_lut_slow  gdew042t2.o
    0x0000086c   0x0000086c   0x0000004c   Code   RO          285    i.epdgl_absolute    epdgl.o
    0x000008b8   0x000008b8   0x0000001c   Code   RO          286    i.epdgl_clear       epdgl.o
    0x000008d4   0x000008d4   0x00000178   Code   RO          287    i.epdgl_draw_abs_horizontal  epdgl.o
    0x00000a4c   0x00000a4c   0x000000a0   Code   RO          288    i.epdgl_draw_abs_pixel  epdgl.o
    0x00000aec   0x00000aec   0x000000a4   Code   RO          289    i.epdgl_draw_abs_vertical  epdgl.o
    0x00000b90   0x00000b90   0x00000074   Code   RO          290    i.epdgl_draw_char   epdgl.o
    0x00000c04   0x00000c04   0x0000008a   Code   RO          291    i.epdgl_draw_circle  epdgl.o
    0x00000c8e   0x00000c8e   0x000000ea   Code   RO          292    i.epdgl_draw_line   epdgl.o
    0x00000d78   0x00000d78   0x00000018   Code   RO          293    i.epdgl_draw_pixel  epdgl.o
    0x00000d90   0x00000d90   0x000000ac   Code   RO          294    i.epdgl_draw_rect   epdgl.o
    0x00000e3c   0x00000e3c   0x00000044   Code   RO          295    i.epdgl_draw_string  epdgl.o
    0x00000e80   0x00000e80   0x000000b2   Code   RO          296    i.epdgl_fill_circle  epdgl.o
    0x00000f32   0x00000f32   0x0000008e   Code   RO          297    i.epdgl_fill_rect   epdgl.o
    0x00000fc0   0x00000fc0   0x00000104   Code   RO          300    i.epdgl_plot        epdgl.o
    0x000010c4   0x000010c4   0x0000000c   Code   RO          301    i.epdgl_set_orientation  epdgl.o
    0x000010d0   0x000010d0   0x00000050   Code   RO          302    i.epdgl_update_screen  epdgl.o
    0x00001120   0x00001120   0x00000052   Code   RO           86    i.main              main.o
    0x00001172   0x00001172   0x00000002   PAD
    0x00001174   0x00001174   0x0000005c   Code   RO           87    i.portFinit         main.o
    0x000011d0   0x000011d0   0x00000024   Code   RO          180    i.reset             gdew042t2.o
    0x000011f4   0x000011f4   0x0000001c   Code   RO          181    i.select            gdew042t2.o
    0x00001210   0x00001210   0x00000138   Code   RO          182    i.tm4cInit          gdew042t2.o
    0x00001348   0x00001348   0x00000028   Code   RO           88    i.waitPF4           main.o
    0x00001370   0x00001370   0x00000016   Code   RO          183    i.wait_until_idle   gdew042t2.o
    0x00001386   0x00001386   0x00000002   PAD
    0x00001388   0x00001388   0x00000030   Code   RO          184    i.writecmd          gdew042t2.o
    0x000013b8   0x000013b8   0x00000024   Code   RO          185    i.writedata         gdew042t2.o
    0x000013dc   0x000013dc   0x00003adc   Data   RO           89    .constdata          main.o
    0x00004eb8   0x00004eb8   0x0000027c   Data   RO          186    .constdata          gdew042t2.o
    0x00005134   0x00005134   0x000012d7   Data   RO          398    .constdata          font.o
    0x0000640b   0x0000640b   0x00000001   PAD
    0x0000640c   0x0000640c   0x00000020   Data   RO          434    Region$$Table       anon$$obj.o


    Execution Region ER_RW (Exec base: 0x20000000, Load base: 0x0000642c, Size: 0x00000018, Max: 0xffffffff, ABSOLUTE)

    Exec Addr    Load Addr    Size         Type   Attr      Idx    E Section Name        Object

    0x20000000   0x0000642c   0x00000008   Data   RW          304    .data               epdgl.o
    0x20000008   0x00006434   0x00000010   Data   RW          399    .data               font.o


    Execution Region ER_ZI (Exec base: 0x20000018, Load base: 0x00006444, Size: 0x00003e98, Max: 0xffffffff, ABSOLUTE)

    Exec Addr    Load Addr    Size         Type   Attr      Idx    E Section Name        Object

    0x20000018        -       0x00003a98   Zero   RW          303    .bss                epdgl.o
    0x20003ab0        -       0x00000400   Zero   RW            1    STACK               startup.o


==============================================================================

Image component sizes


      Code (inc. data)   RO Data    RW Data    ZI Data      Debug   Object Name

      2228         38          0          8      15000      11272   epdgl.o
         0          0       4823         16          0       1001   font.o
      1082        102        636          0          0       8963   gdew042t2.o
       850        152      15068          0          0       4991   main.o
       124          4          0          0          0       4963   pll.o
       672        622          0          0       1024        956   startup.o

    ----------------------------------------------------------------------
      4962        918      20560         24      16024      32146   Object Totals
         0          0         32          0          0          0   (incl. Generated)
         6          0          1          0          0          0   (incl. Padding)

    ----------------------------------------------------------------------

      Code (inc. data)   RO Data    RW Data    ZI Data      Debug   Library Member Name

         0          0          0          0          0          0   entry.o
         0          0          0          0          0          0   entry10a.o
         0          0          0          0          0          0   entry11a.o
         8          4          0          0          0          0   entry2.o
         4          0          0          0          0          0   entry5.o
         0          0          0          0          0          0   entry7b.o
         0          0          0          0          0          0   entry8b.o
         8          4          0          0          0          0   entry9a.o
        30          0          0          0          0          0   handlers.o
        36          8          0          0          0         68   init.o
        36          0          0          0          0         68   memcpya.o

    ----------------------------------------------------------------------
       122         16          0          0          0        136   Library Totals
         0          0          0          0          0          0   (incl. Padding)

    ----------------------------------------------------------------------

      Code (inc. data)   RO Data    RW Data    ZI Data      Debug   Library Name

       122         16          0          0          0        136   mc_w.l

    ----------------------------------------------------------------------
       122         16          0          0          0        136   Library Totals

    ----------------------------------------------------------------------

==============================================================================


      Code (inc. data)   RO Data    RW Data    ZI Data      Debug   

      5084        934      20560         24      16024      30718   Grand Totals
      5084        934      20560         24      16024      30718   ELF Image Totals
      5084        934      20560         24          0          0   ROM Totals

==============================================================================

    Total RO  Size (Code + RO Data)                25644 (  25.04kB)
    Total RW  Size (RW Data + ZI Data)             16048 (  15.67kB)
    Total ROM Size (Code + RO Data + RW Data)      25668 (  25.07kB)

==============================================================================

