Component: ARM Compiler 5.06 update 6 (build 750) Tool: armlink [4d35ed]

==============================================================================

Section Cross References

    startup.o(RESET) refers to startup.o(STACK) for StackMem
    startup.o(RESET) refers to entry.o(.ARM.Collect$$$$00000000) for __main
    launchpad.o(i.LaunchPad_WaitForRelease) refers to launchpad.o(i.DelayMs) for DelayMs
    launchpad.o(i.LaunchPad_WaitForTouch) refers to launchpad.o(i.DelayMs) for DelayMs
    main.o(i.demo_keys) refers to epdgl.o(i.epdgl_set_cursor) for epdgl_set_cursor
    main.o(i.demo_keys) refers to keypad.o(i.keypad_scan) for keypad_scan
    main.o(i.demo_keys) refers to main.o(i.print_key) for print_key
    main.o(i.demo_keys) refers to epdgl.o(i.epdgl_clear) for epdgl_clear
    main.o(i.demo_keys) refers to keypad.o(i.key_fifo_get) for key_fifo_get
    main.o(i.demo_keys) refers to epdgl.o(i.epdgl_update_screen) for epdgl_update_screen
    main.o(i.demo_keys) refers to main.o(i.waitPF4) for waitPF4
    main.o(i.main) refers to pll.o(i.PLL_Init) for PLL_Init
    main.o(i.main) refers to startup.o(.text) for DisableInterrupts
    main.o(i.main) refers to gdew042t2.o(i.epd_init) for epd_init
    main.o(i.main) refers to main.o(i.portFinit) for portFinit
    main.o(i.main) refers to keypad.o(i.keypad_init) for keypad_init
    main.o(i.main) refers to epdgl.o(i.epdgl_clear) for epdgl_clear
    main.o(i.main) refers to epdgl.o(i.epdgl_update_screen) for epdgl_update_screen
    main.o(i.main) refers to epdgl.o(i.epdgl_set_orientation) for epdgl_set_orientation
    main.o(i.main) refers to main.o(i.demo_keys) for demo_keys
    main.o(i.print_key) refers to epdgl.o(i.epdgl_draw_string) for epdgl_draw_string
    main.o(i.print_key) refers to main.o(.data) for KEY_STRINGS
    main.o(.data) refers to font.o(.data) for CascadiaMono24
    main.o(.data) refers to main.o(.conststring) for .conststring
    gdew042t2.o(i.epd_clear_frame) refers to gdew042t2.o(i.wait_until_idle) for wait_until_idle
    gdew042t2.o(i.epd_clear_frame) refers to gdew042t2.o(i.writecmd) for writecmd
    gdew042t2.o(i.epd_clear_frame) refers to gdew042t2.o(i.writedata) for writedata
    gdew042t2.o(i.epd_clear_frame) refers to gdew042t2.o(i.delayms) for delayms
    gdew042t2.o(i.epd_display_frame) refers to gdew042t2.o(i.wait_until_idle) for wait_until_idle
    gdew042t2.o(i.epd_display_frame) refers to gdew042t2.o(i.writecmd) for writecmd
    gdew042t2.o(i.epd_display_frame_buffer) refers to gdew042t2.o(i.wait_until_idle) for wait_until_idle
    gdew042t2.o(i.epd_display_frame_buffer) refers to gdew042t2.o(i.writecmd) for writecmd
    gdew042t2.o(i.epd_display_frame_buffer) refers to gdew042t2.o(i.writedata) for writedata
    gdew042t2.o(i.epd_display_frame_buffer) refers to gdew042t2.o(i.delayms) for delayms
    gdew042t2.o(i.epd_init) refers to gdew042t2.o(i.tm4cInit) for tm4cInit
    gdew042t2.o(i.epd_init) refers to gdew042t2.o(i.select) for select
    gdew042t2.o(i.epd_init) refers to gdew042t2.o(i.reset) for reset
    gdew042t2.o(i.epd_init) refers to gdew042t2.o(i.writecmd) for writecmd
    gdew042t2.o(i.epd_init) refers to gdew042t2.o(i.writedata) for writedata
    gdew042t2.o(i.epd_init) refers to gdew042t2.o(i.wait_until_idle) for wait_until_idle
    gdew042t2.o(i.epd_init) refers to gdew042t2.o(i.epd_set_lut_slow) for epd_set_lut_slow
    gdew042t2.o(i.epd_reset) refers to gdew042t2.o(i.wait_until_idle) for wait_until_idle
    gdew042t2.o(i.epd_reset) refers to gdew042t2.o(i.reset) for reset
    gdew042t2.o(i.epd_set_lut_fast) refers to gdew042t2.o(i.wait_until_idle) for wait_until_idle
    gdew042t2.o(i.epd_set_lut_fast) refers to gdew042t2.o(i.writecmd) for writecmd
    gdew042t2.o(i.epd_set_lut_fast) refers to gdew042t2.o(i.writedata) for writedata
    gdew042t2.o(i.epd_set_lut_fast) refers to gdew042t2.o(.constdata) for lut_vcom0_fast
    gdew042t2.o(i.epd_set_lut_slow) refers to gdew042t2.o(i.wait_until_idle) for wait_until_idle
    gdew042t2.o(i.epd_set_lut_slow) refers to gdew042t2.o(i.writecmd) for writecmd
    gdew042t2.o(i.epd_set_lut_slow) refers to gdew042t2.o(i.writedata) for writedata
    gdew042t2.o(i.epd_set_lut_slow) refers to gdew042t2.o(.constdata) for lut_vcom0_slow
    gdew042t2.o(i.epd_set_partial_window) refers to gdew042t2.o(i.wait_until_idle) for wait_until_idle
    gdew042t2.o(i.epd_set_partial_window) refers to gdew042t2.o(i.writecmd) for writecmd
    gdew042t2.o(i.epd_set_partial_window) refers to gdew042t2.o(i.writedata) for writedata
    gdew042t2.o(i.epd_set_partial_window) refers to gdew042t2.o(i.delayms) for delayms
    gdew042t2.o(i.epd_sleep) refers to gdew042t2.o(i.wait_until_idle) for wait_until_idle
    gdew042t2.o(i.epd_sleep) refers to gdew042t2.o(i.writecmd) for writecmd
    gdew042t2.o(i.epd_sleep) refers to gdew042t2.o(i.writedata) for writedata
    gdew042t2.o(i.epd_sleep) refers to gdew042t2.o(i.delayms) for delayms
    gdew042t2.o(i.reset) refers to gdew042t2.o(i.delayms) for delayms
    gdew042t2.o(i.wait_until_idle) refers to gdew042t2.o(i.delayms) for delayms
    epdgl.o(i.epdgl_absolute) refers to epdgl.o(.data) for EPDGL_ROT
    epdgl.o(i.epdgl_clear) refers to epdgl.o(.bss) for EPDGL_BUF
    epdgl.o(i.epdgl_draw_abs_horizontal) refers to epdgl.o(.bss) for EPDGL_BUF
    epdgl.o(i.epdgl_draw_abs_pixel) refers to epdgl.o(.bss) for EPDGL_BUF
    epdgl.o(i.epdgl_draw_abs_vertical) refers to epdgl.o(.bss) for EPDGL_BUF
    epdgl.o(i.epdgl_draw_char) refers to epdgl.o(i.epdgl_draw_pixel) for epdgl_draw_pixel
    epdgl.o(i.epdgl_draw_char) refers to epdgl.o(.data) for CURSOR_X
    epdgl.o(i.epdgl_draw_circle) refers to epdgl.o(i.epdgl_absolute) for epdgl_absolute
    epdgl.o(i.epdgl_draw_circle) refers to epdgl.o(i.epdgl_draw_abs_pixel) for epdgl_draw_abs_pixel
    epdgl.o(i.epdgl_draw_int) refers to epdgl.o(i.epdgl_draw_char) for epdgl_draw_char
    epdgl.o(i.epdgl_draw_line) refers to epdgl.o(i.epdgl_absolute) for epdgl_absolute
    epdgl.o(i.epdgl_draw_line) refers to epdgl.o(i.epdgl_draw_abs_pixel) for epdgl_draw_abs_pixel
    epdgl.o(i.epdgl_draw_pixel) refers to epdgl.o(i.epdgl_absolute) for epdgl_absolute
    epdgl.o(i.epdgl_draw_pixel) refers to epdgl.o(i.epdgl_draw_abs_pixel) for epdgl_draw_abs_pixel
    epdgl.o(i.epdgl_draw_rect) refers to epdgl.o(i.epdgl_absolute) for epdgl_absolute
    epdgl.o(i.epdgl_draw_rect) refers to epdgl.o(i.epdgl_draw_abs_horizontal) for epdgl_draw_abs_horizontal
    epdgl.o(i.epdgl_draw_rect) refers to epdgl.o(i.epdgl_draw_abs_vertical) for epdgl_draw_abs_vertical
    epdgl.o(i.epdgl_draw_string) refers to epdgl.o(i.epdgl_draw_char) for epdgl_draw_char
    epdgl.o(i.epdgl_fill_circle) refers to epdgl.o(i.epdgl_absolute) for epdgl_absolute
    epdgl.o(i.epdgl_fill_circle) refers to epdgl.o(i.epdgl_draw_abs_pixel) for epdgl_draw_abs_pixel
    epdgl.o(i.epdgl_fill_circle) refers to epdgl.o(i.epdgl_draw_abs_horizontal) for epdgl_draw_abs_horizontal
    epdgl.o(i.epdgl_fill_rect) refers to epdgl.o(i.epdgl_absolute) for epdgl_absolute
    epdgl.o(i.epdgl_fill_rect) refers to epdgl.o(i.epdgl_draw_abs_horizontal) for epdgl_draw_abs_horizontal
    epdgl.o(i.epdgl_init) refers to epdgl.o(i.epdgl_clear) for epdgl_clear
    epdgl.o(i.epdgl_invert) refers to epdgl.o(.bss) for EPDGL_BUF
    epdgl.o(i.epdgl_plot) refers to epdgl.o(i.epdgl_draw_line) for epdgl_draw_line
    epdgl.o(i.epdgl_set_cursor) refers to epdgl.o(.data) for CURSOR_X
    epdgl.o(i.epdgl_set_orientation) refers to epdgl.o(.data) for EPDGL_ROT
    epdgl.o(i.epdgl_update_screen) refers to gdew042t2.o(i.epd_is_idle) for epd_is_idle
    epdgl.o(i.epdgl_update_screen) refers to gdew042t2.o(i.epd_set_lut_fast) for epd_set_lut_fast
    epdgl.o(i.epdgl_update_screen) refers to gdew042t2.o(i.epd_set_lut_slow) for epd_set_lut_slow
    epdgl.o(i.epdgl_update_screen) refers to gdew042t2.o(i.epd_display_frame_buffer) for epd_display_frame_buffer
    epdgl.o(i.epdgl_update_screen) refers to epdgl.o(.data) for fast_refresh_count
    epdgl.o(i.epdgl_update_screen) refers to epdgl.o(.bss) for EPDGL_BUF
    font.o(.data) refers to font.o(.constdata) for CascadiaMono24_Widths
    dsp.o(i.dsp_init) refers to fifo.o(i.fifo_init) for fifo_init
    dsp.o(i.dsp_init) refers to fifo.o(i.fifo_put) for fifo_put
    dsp.o(i.dsp_process) refers to fifo.o(i.fifo_put) for fifo_put
    dsp.o(i.dsp_process) refers to fifo.o(i.fifo_get) for fifo_get
    fifo.o(i.fifo_get) refers to startup.o(.text) for StartCritical
    fifo.o(i.fifo_put) refers to startup.o(.text) for StartCritical
    keypad.o(i.key_fifo_get) refers to startup.o(.text) for StartCritical
    keypad.o(i.key_fifo_get) refers to keypad.o(.bss) for EVENT_QUEUE
    keypad.o(i.key_fifo_put) refers to startup.o(.text) for StartCritical
    keypad.o(i.key_fifo_put) refers to keypad.o(.bss) for EVENT_QUEUE
    keypad.o(i.keypad_get_raw) refers to keypad.o(.data) for key_curr
    keypad.o(i.keypad_init) refers to keypad.o(.bss) for EVENT_QUEUE
    keypad.o(i.keypad_scan) refers to keypad.o(i.key_fifo_put) for key_fifo_put
    keypad.o(i.keypad_scan) refers to keypad.o(.data) for key_curr
    keypad.o(i.keypad_scan) refers to keypad.o(.constdata) for KEYMAP
    entry.o(.ARM.Collect$$$$00000000) refers (Special) to entry10a.o(.ARM.Collect$$$$0000000D) for __rt_final_cpp
    entry.o(.ARM.Collect$$$$00000000) refers (Special) to entry11a.o(.ARM.Collect$$$$0000000F) for __rt_final_exit
    entry.o(.ARM.Collect$$$$00000000) refers (Special) to entry7b.o(.ARM.Collect$$$$00000008) for _main_clock
    entry.o(.ARM.Collect$$$$00000000) refers (Special) to entry8b.o(.ARM.Collect$$$$0000000A) for _main_cpp_init
    entry.o(.ARM.Collect$$$$00000000) refers (Special) to entry9a.o(.ARM.Collect$$$$0000000B) for _main_init
    entry.o(.ARM.Collect$$$$00000000) refers (Special) to entry5.o(.ARM.Collect$$$$00000004) for _main_scatterload
    entry.o(.ARM.Collect$$$$00000000) refers (Special) to entry2.o(.ARM.Collect$$$$00000001) for _main_stk
    entry2.o(.ARM.Collect$$$$00000001) refers to entry2.o(.ARM.Collect$$$$00002712) for __lit__00000000
    entry2.o(.ARM.Collect$$$$00002712) refers to startup.o(STACK) for __initial_sp
    entry2.o(__vectab_stack_and_reset_area) refers to startup.o(STACK) for __initial_sp
    entry2.o(__vectab_stack_and_reset_area) refers to entry.o(.ARM.Collect$$$$00000000) for __main
    entry5.o(.ARM.Collect$$$$00000004) refers to init.o(.text) for __scatterload
    entry9a.o(.ARM.Collect$$$$0000000B) refers to main.o(i.main) for main
    entry9b.o(.ARM.Collect$$$$0000000C) refers to main.o(i.main) for main
    init.o(.text) refers to entry5.o(.ARM.Collect$$$$00000004) for __main_after_scatterload


==============================================================================

Removing Unused input sections from the image.

    Removing startup.o(HEAP), (0 bytes).
    Removing launchpad.o(i.DelayMs), (32 bytes).
    Removing launchpad.o(i.LaunchPad_Init), (92 bytes).
    Removing launchpad.o(i.LaunchPad_Input), (24 bytes).
    Removing launchpad.o(i.LaunchPad_Output), (12 bytes).
    Removing launchpad.o(i.LaunchPad_WaitForRelease), (56 bytes).
    Removing launchpad.o(i.LaunchPad_WaitForTouch), (32 bytes).
    Removing gdew042t2.o(i.deselect), (28 bytes).
    Removing gdew042t2.o(i.epd_clear_frame), (114 bytes).
    Removing gdew042t2.o(i.epd_display_frame), (14 bytes).
    Removing gdew042t2.o(i.epd_reset), (12 bytes).
    Removing gdew042t2.o(i.epd_set_partial_window), (212 bytes).
    Removing gdew042t2.o(i.epd_sleep), (102 bytes).
    Removing epdgl.o(i.epdgl_draw_abs_horizontal), (376 bytes).
    Removing epdgl.o(i.epdgl_draw_abs_vertical), (164 bytes).
    Removing epdgl.o(i.epdgl_draw_circle), (138 bytes).
    Removing epdgl.o(i.epdgl_draw_int), (76 bytes).
    Removing epdgl.o(i.epdgl_draw_line), (234 bytes).
    Removing epdgl.o(i.epdgl_draw_rect), (172 bytes).
    Removing epdgl.o(i.epdgl_fill_circle), (178 bytes).
    Removing epdgl.o(i.epdgl_fill_rect), (142 bytes).
    Removing epdgl.o(i.epdgl_init), (8 bytes).
    Removing epdgl.o(i.epdgl_invert), (32 bytes).
    Removing epdgl.o(i.epdgl_plot), (260 bytes).
    Removing dsp.o(i.dsp_init), (146 bytes).
    Removing dsp.o(i.dsp_process), (156 bytes).
    Removing fifo.o(i.fifo_get), (64 bytes).
    Removing fifo.o(i.fifo_init), (12 bytes).
    Removing fifo.o(i.fifo_put), (68 bytes).
    Removing keypad.o(i.keypad_get_raw), (8 bytes).

30 unused section(s) (total 2964 bytes) removed from the image.

==============================================================================

Image Symbol Table

    Local Symbols

    Symbol Name                              Value     Ov Type        Size  Object(Section)

    RESET                                    0x00000000   Section      644  startup.o(RESET)
    ../clib/../cmprslib/zerorunl2.c          0x00000000   Number         0  __dczerorl2.o ABSOLUTE
    ../clib/microlib/init/entry.s            0x00000000   Number         0  entry7b.o ABSOLUTE
    ../clib/microlib/init/entry.s            0x00000000   Number         0  entry11a.o ABSOLUTE
    ../clib/microlib/init/entry.s            0x00000000   Number         0  entry7a.o ABSOLUTE
    ../clib/microlib/init/entry.s            0x00000000   Number         0  entry10b.o ABSOLUTE
    ../clib/microlib/init/entry.s            0x00000000   Number         0  entry10a.o ABSOLUTE
    ../clib/microlib/init/entry.s            0x00000000   Number         0  entry11b.o ABSOLUTE
    ../clib/microlib/init/entry.s            0x00000000   Number         0  entry9b.o ABSOLUTE
    ../clib/microlib/init/entry.s            0x00000000   Number         0  entry9a.o ABSOLUTE
    ../clib/microlib/init/entry.s            0x00000000   Number         0  entry.o ABSOLUTE
    ../clib/microlib/init/entry.s            0x00000000   Number         0  entry2.o ABSOLUTE
    ../clib/microlib/init/entry.s            0x00000000   Number         0  entry5.o ABSOLUTE
    ../clib/microlib/init/entry.s            0x00000000   Number         0  entry8b.o ABSOLUTE
    ../clib/microlib/init/entry.s            0x00000000   Number         0  entry8a.o ABSOLUTE
    ..\inc\LaunchPad.c                       0x00000000   Number         0  launchpad.o ABSOLUTE
    ..\inc\PLL.c                             0x00000000   Number         0  pll.o ABSOLUTE
    dc.s                                     0x00000000   Number         0  dc.o ABSOLUTE
    dsp.c                                    0x00000000   Number         0  dsp.o ABSOLUTE
    epdgl.c                                  0x00000000   Number         0  epdgl.o ABSOLUTE
    fifo.c                                   0x00000000   Number         0  fifo.o ABSOLUTE
    font.c                                   0x00000000   Number         0  font.o ABSOLUTE
    gdew042t2.c                              0x00000000   Number         0  gdew042t2.o ABSOLUTE
    handlers.s                               0x00000000   Number         0  handlers.o ABSOLUTE
    init.s                                   0x00000000   Number         0  init.o ABSOLUTE
    keypad.c                                 0x00000000   Number         0  keypad.o ABSOLUTE
    main.c                                   0x00000000   Number         0  main.o ABSOLUTE
    startup.s                                0x00000000   Number         0  startup.o ABSOLUTE
    .ARM.Collect$$$$00000000                 0x00000284   Section        0  entry.o(.ARM.Collect$$$$00000000)
    .ARM.Collect$$$$00000001                 0x00000284   Section        4  entry2.o(.ARM.Collect$$$$00000001)
    .ARM.Collect$$$$00000004                 0x00000288   Section        4  entry5.o(.ARM.Collect$$$$00000004)
    .ARM.Collect$$$$00000008                 0x0000028c   Section        0  entry7b.o(.ARM.Collect$$$$00000008)
    .ARM.Collect$$$$0000000A                 0x0000028c   Section        0  entry8b.o(.ARM.Collect$$$$0000000A)
    .ARM.Collect$$$$0000000B                 0x0000028c   Section        8  entry9a.o(.ARM.Collect$$$$0000000B)
    .ARM.Collect$$$$0000000D                 0x00000294   Section        0  entry10a.o(.ARM.Collect$$$$0000000D)
    .ARM.Collect$$$$0000000F                 0x00000294   Section        0  entry11a.o(.ARM.Collect$$$$0000000F)
    .ARM.Collect$$$$00002712                 0x00000294   Section        4  entry2.o(.ARM.Collect$$$$00002712)
    __lit__00000000                          0x00000294   Data           4  entry2.o(.ARM.Collect$$$$00002712)
    .text                                    0x00000298   Section       28  startup.o(.text)
    .text                                    0x000002b4   Section       36  init.o(.text)
    .text                                    0x000002d8   Section        0  __dczerorl2.o(.text)
    i.PLL_Init                               0x00000330   Section        0  pll.o(i.PLL_Init)
    i.__scatterload_copy                     0x000003ac   Section       14  handlers.o(i.__scatterload_copy)
    i.__scatterload_null                     0x000003ba   Section        2  handlers.o(i.__scatterload_null)
    i.__scatterload_zeroinit                 0x000003bc   Section       14  handlers.o(i.__scatterload_zeroinit)
    i.delayms                                0x000003ca   Section        0  gdew042t2.o(i.delayms)
    i.demo_keys                              0x000003ea   Section        0  main.o(i.demo_keys)
    i.epd_display_frame_buffer               0x00000436   Section        0  gdew042t2.o(i.epd_display_frame_buffer)
    i.epd_init                               0x000004bc   Section        0  gdew042t2.o(i.epd_init)
    i.epd_is_idle                            0x00000534   Section        0  gdew042t2.o(i.epd_is_idle)
    i.epd_set_lut_fast                       0x00000548   Section        0  gdew042t2.o(i.epd_set_lut_fast)
    i.epd_set_lut_slow                       0x000005dc   Section        0  gdew042t2.o(i.epd_set_lut_slow)
    i.epdgl_absolute                         0x00000670   Section        0  epdgl.o(i.epdgl_absolute)
    epdgl_absolute                           0x00000671   Thumb Code    72  epdgl.o(i.epdgl_absolute)
    i.epdgl_clear                            0x000006bc   Section        0  epdgl.o(i.epdgl_clear)
    i.epdgl_draw_abs_pixel                   0x000006d8   Section        0  epdgl.o(i.epdgl_draw_abs_pixel)
    epdgl_draw_abs_pixel                     0x000006d9   Thumb Code   156  epdgl.o(i.epdgl_draw_abs_pixel)
    i.epdgl_draw_char                        0x00000778   Section        0  epdgl.o(i.epdgl_draw_char)
    i.epdgl_draw_pixel                       0x0000082c   Section        0  epdgl.o(i.epdgl_draw_pixel)
    i.epdgl_draw_string                      0x00000844   Section        0  epdgl.o(i.epdgl_draw_string)
    i.epdgl_set_cursor                       0x00000860   Section        0  epdgl.o(i.epdgl_set_cursor)
    i.epdgl_set_orientation                  0x00000874   Section        0  epdgl.o(i.epdgl_set_orientation)
    i.epdgl_update_screen                    0x00000880   Section        0  epdgl.o(i.epdgl_update_screen)
    i.key_fifo_get                           0x000008d0   Section        0  keypad.o(i.key_fifo_get)
    i.key_fifo_put                           0x00000918   Section        0  keypad.o(i.key_fifo_put)
    i.keypad_init                            0x00000960   Section        0  keypad.o(i.keypad_init)
    i.keypad_scan                            0x000009c8   Section        0  keypad.o(i.keypad_scan)
    i.main                                   0x00000a84   Section        0  main.o(i.main)
    i.portFinit                              0x00000ab4   Section        0  main.o(i.portFinit)
    i.print_key                              0x00000b10   Section        0  main.o(i.print_key)
    i.reset                                  0x00000b54   Section        0  gdew042t2.o(i.reset)
    i.select                                 0x00000b78   Section        0  gdew042t2.o(i.select)
    i.tm4cInit                               0x00000b94   Section        0  gdew042t2.o(i.tm4cInit)
    i.waitPF4                                0x00000ccc   Section        0  main.o(i.waitPF4)
    i.wait_until_idle                        0x00000cf4   Section        0  gdew042t2.o(i.wait_until_idle)
    i.writecmd                               0x00000d0c   Section        0  gdew042t2.o(i.writecmd)
    i.writedata                              0x00000d3c   Section        0  gdew042t2.o(i.writedata)
    .constdata                               0x00000d60   Section      636  gdew042t2.o(.constdata)
    .constdata                               0x00000fdc   Section     4823  font.o(.constdata)
    CascadiaMono24_Bitmaps                   0x00000fdc   Data        4732  font.o(.constdata)
    CascadiaMono24_Widths                    0x00002258   Data          91  font.o(.constdata)
    .constdata                               0x000022b3   Section       84  keypad.o(.constdata)
    .conststring                             0x00002308   Section      334  main.o(.conststring)
    .data                                    0x20000000   Section      292  main.o(.data)
    .data                                    0x20000124   Section       16  epdgl.o(.data)
    CURSOR_X                                 0x20000124   Data           4  epdgl.o(.data)
    CURSOR_Y                                 0x20000128   Data           4  epdgl.o(.data)
    EPDGL_ROT                                0x2000012c   Data           1  epdgl.o(.data)
    fast_refresh_count                       0x20000130   Data           4  epdgl.o(.data)
    .data                                    0x20000134   Section       16  font.o(.data)
    .data                                    0x20000144   Section       13  keypad.o(.data)
    key_prev                                 0x20000144   Data           6  keypad.o(.data)
    key_curr                                 0x2000014a   Data           6  keypad.o(.data)
    MODE                                     0x20000150   Data           1  keypad.o(.data)
    .bss                                     0x20000154   Section    15000  epdgl.o(.bss)
    EPDGL_BUF                                0x20000154   Data       15000  epdgl.o(.bss)
    .bss                                     0x20003bec   Section       72  keypad.o(.bss)
    STACK                                    0x20003c38   Section     1024  startup.o(STACK)
    StackMem                                 0x20003c38   Data           0  startup.o(STACK)

    Global Symbols

    Symbol Name                              Value     Ov Type        Size  Object(Section)

    BuildAttributes$$THM_ISAv4$E$P$D$K$B$S$7EM$PE$A:L22UL41UL21$X:L11$S22US41US21$IEEE1$IW$USESV6$~STKCKD$USESV7$~SHL$OSPACE$EBA8$MICROLIB$REQ8$PRES8$EABIv2 0x00000000   Number         0  anon$$obj.o ABSOLUTE
    __ARM_use_no_argv                        0x00000000   Number         0  main.o ABSOLUTE
    __Vectors                                0x00000000   Data           0  startup.o(RESET)
    __cpp_initialize__aeabi_                  - Undefined Weak Reference
    __cxa_finalize                            - Undefined Weak Reference
    _clock_init                               - Undefined Weak Reference
    _microlib_exit                            - Undefined Weak Reference
    Reset_Handler                            0x0000026d   Thumb Code     0  startup.o(RESET)
    NMI_Handler                              0x00000271   Thumb Code     2  startup.o(RESET)
    HardFault_Handler                        0x00000273   Thumb Code     2  startup.o(RESET)
    MemManage_Handler                        0x00000275   Thumb Code     2  startup.o(RESET)
    BusFault_Handler                         0x00000277   Thumb Code     2  startup.o(RESET)
    UsageFault_Handler                       0x00000279   Thumb Code     2  startup.o(RESET)
    SVC_Handler                              0x0000027b   Thumb Code     2  startup.o(RESET)
    DebugMon_Handler                         0x0000027d   Thumb Code     2  startup.o(RESET)
    PendSV_Handler                           0x0000027f   Thumb Code     2  startup.o(RESET)
    SysTick_Handler                          0x00000281   Thumb Code     2  startup.o(RESET)
    ADC0Seq0_Handler                         0x00000283   Thumb Code     0  startup.o(RESET)
    ADC0Seq1_Handler                         0x00000283   Thumb Code     0  startup.o(RESET)
    ADC0Seq2_Handler                         0x00000283   Thumb Code     0  startup.o(RESET)
    ADC0Seq3_Handler                         0x00000283   Thumb Code     0  startup.o(RESET)
    ADC1Seq0_Handler                         0x00000283   Thumb Code     0  startup.o(RESET)
    ADC1Seq1_Handler                         0x00000283   Thumb Code     0  startup.o(RESET)
    ADC1Seq2_Handler                         0x00000283   Thumb Code     0  startup.o(RESET)
    ADC1Seq3_Handler                         0x00000283   Thumb Code     0  startup.o(RESET)
    CAN0_Handler                             0x00000283   Thumb Code     0  startup.o(RESET)
    CAN1_Handler                             0x00000283   Thumb Code     0  startup.o(RESET)
    CAN2_Handler                             0x00000283   Thumb Code     0  startup.o(RESET)
    Comp0_Handler                            0x00000283   Thumb Code     0  startup.o(RESET)
    Comp1_Handler                            0x00000283   Thumb Code     0  startup.o(RESET)
    Comp2_Handler                            0x00000283   Thumb Code     0  startup.o(RESET)
    Ethernet_Handler                         0x00000283   Thumb Code     0  startup.o(RESET)
    ExtBus_Handler                           0x00000283   Thumb Code     0  startup.o(RESET)
    FPU_Handler                              0x00000283   Thumb Code     0  startup.o(RESET)
    Fan0_Handler                             0x00000283   Thumb Code     0  startup.o(RESET)
    FlashCtl_Handler                         0x00000283   Thumb Code     0  startup.o(RESET)
    GPIOPortA_Handler                        0x00000283   Thumb Code     0  startup.o(RESET)
    GPIOPortB_Handler                        0x00000283   Thumb Code     0  startup.o(RESET)
    GPIOPortC_Handler                        0x00000283   Thumb Code     0  startup.o(RESET)
    GPIOPortD_Handler                        0x00000283   Thumb Code     0  startup.o(RESET)
    GPIOPortE_Handler                        0x00000283   Thumb Code     0  startup.o(RESET)
    GPIOPortF_Handler                        0x00000283   Thumb Code     0  startup.o(RESET)
    GPIOPortG_Handler                        0x00000283   Thumb Code     0  startup.o(RESET)
    GPIOPortH_Handler                        0x00000283   Thumb Code     0  startup.o(RESET)
    GPIOPortJ_Handler                        0x00000283   Thumb Code     0  startup.o(RESET)
    GPIOPortK_Handler                        0x00000283   Thumb Code     0  startup.o(RESET)
    GPIOPortL_Handler                        0x00000283   Thumb Code     0  startup.o(RESET)
    GPIOPortM_Handler                        0x00000283   Thumb Code     0  startup.o(RESET)
    GPIOPortN_Handler                        0x00000283   Thumb Code     0  startup.o(RESET)
    GPIOPortP1_Handler                       0x00000283   Thumb Code     0  startup.o(RESET)
    GPIOPortP2_Handler                       0x00000283   Thumb Code     0  startup.o(RESET)
    GPIOPortP3_Handler                       0x00000283   Thumb Code     0  startup.o(RESET)
    GPIOPortP4_Handler                       0x00000283   Thumb Code     0  startup.o(RESET)
    GPIOPortP5_Handler                       0x00000283   Thumb Code     0  startup.o(RESET)
    GPIOPortP6_Handler                       0x00000283   Thumb Code     0  startup.o(RESET)
    GPIOPortP7_Handler                       0x00000283   Thumb Code     0  startup.o(RESET)
    GPIOPortP_Handler                        0x00000283   Thumb Code     0  startup.o(RESET)
    GPIOPortQ1_Handler                       0x00000283   Thumb Code     0  startup.o(RESET)
    GPIOPortQ2_Handler                       0x00000283   Thumb Code     0  startup.o(RESET)
    GPIOPortQ3_Handler                       0x00000283   Thumb Code     0  startup.o(RESET)
    GPIOPortQ4_Handler                       0x00000283   Thumb Code     0  startup.o(RESET)
    GPIOPortQ5_Handler                       0x00000283   Thumb Code     0  startup.o(RESET)
    GPIOPortQ6_Handler                       0x00000283   Thumb Code     0  startup.o(RESET)
    GPIOPortQ7_Handler                       0x00000283   Thumb Code     0  startup.o(RESET)
    GPIOPortQ_Handler                        0x00000283   Thumb Code     0  startup.o(RESET)
    GPIOPortR_Handler                        0x00000283   Thumb Code     0  startup.o(RESET)
    GPIOPortS_Handler                        0x00000283   Thumb Code     0  startup.o(RESET)
    Hibernate_Handler                        0x00000283   Thumb Code     0  startup.o(RESET)
    I2C0_Handler                             0x00000283   Thumb Code     0  startup.o(RESET)
    I2C1_Handler                             0x00000283   Thumb Code     0  startup.o(RESET)
    I2C2_Handler                             0x00000283   Thumb Code     0  startup.o(RESET)
    I2C3_Handler                             0x00000283   Thumb Code     0  startup.o(RESET)
    I2C4_Handler                             0x00000283   Thumb Code     0  startup.o(RESET)
    I2C5_Handler                             0x00000283   Thumb Code     0  startup.o(RESET)
    I2S0_Handler                             0x00000283   Thumb Code     0  startup.o(RESET)
    LPC0_Handler                             0x00000283   Thumb Code     0  startup.o(RESET)
    PECI0_Handler                            0x00000283   Thumb Code     0  startup.o(RESET)
    PWM0Fault_Handler                        0x00000283   Thumb Code     0  startup.o(RESET)
    PWM0Generator0_Handler                   0x00000283   Thumb Code     0  startup.o(RESET)
    PWM0Generator1_Handler                   0x00000283   Thumb Code     0  startup.o(RESET)
    PWM0Generator2_Handler                   0x00000283   Thumb Code     0  startup.o(RESET)
    PWM0Generator3_Handler                   0x00000283   Thumb Code     0  startup.o(RESET)
    PWM1Fault_Handler                        0x00000283   Thumb Code     0  startup.o(RESET)
    PWM1Generator0_Handler                   0x00000283   Thumb Code     0  startup.o(RESET)
    PWM1Generator1_Handler                   0x00000283   Thumb Code     0  startup.o(RESET)
    PWM1Generator2_Handler                   0x00000283   Thumb Code     0  startup.o(RESET)
    PWM1Generator3_Handler                   0x00000283   Thumb Code     0  startup.o(RESET)
    Quadrature0_Handler                      0x00000283   Thumb Code     0  startup.o(RESET)
    Quadrature1_Handler                      0x00000283   Thumb Code     0  startup.o(RESET)
    Quadrature2_Handler                      0x00000283   Thumb Code     0  startup.o(RESET)
    SSI0_Handler                             0x00000283   Thumb Code     0  startup.o(RESET)
    SSI1_Handler                             0x00000283   Thumb Code     0  startup.o(RESET)
    SSI2_Handler                             0x00000283   Thumb Code     0  startup.o(RESET)
    SSI3_Handler                             0x00000283   Thumb Code     0  startup.o(RESET)
    SysCtl_Handler                           0x00000283   Thumb Code     0  startup.o(RESET)
    Timer0A_Handler                          0x00000283   Thumb Code     0  startup.o(RESET)
    Timer0B_Handler                          0x00000283   Thumb Code     0  startup.o(RESET)
    Timer1A_Handler                          0x00000283   Thumb Code     0  startup.o(RESET)
    Timer1B_Handler                          0x00000283   Thumb Code     0  startup.o(RESET)
    Timer2A_Handler                          0x00000283   Thumb Code     0  startup.o(RESET)
    Timer2B_Handler                          0x00000283   Thumb Code     0  startup.o(RESET)
    Timer3A_Handler                          0x00000283   Thumb Code     0  startup.o(RESET)
    Timer3B_Handler                          0x00000283   Thumb Code     0  startup.o(RESET)
    Timer4A_Handler                          0x00000283   Thumb Code     0  startup.o(RESET)
    Timer4B_Handler                          0x00000283   Thumb Code     0  startup.o(RESET)
    Timer5A_Handler                          0x00000283   Thumb Code     0  startup.o(RESET)
    Timer5B_Handler                          0x00000283   Thumb Code     0  startup.o(RESET)
    UART0_Handler                            0x00000283   Thumb Code     0  startup.o(RESET)
    UART1_Handler                            0x00000283   Thumb Code     0  startup.o(RESET)
    UART2_Handler                            0x00000283   Thumb Code     0  startup.o(RESET)
    UART3_Handler                            0x00000283   Thumb Code     0  startup.o(RESET)
    UART4_Handler                            0x00000283   Thumb Code     0  startup.o(RESET)
    UART5_Handler                            0x00000283   Thumb Code     0  startup.o(RESET)
    UART6_Handler                            0x00000283   Thumb Code     0  startup.o(RESET)
    UART7_Handler                            0x00000283   Thumb Code     0  startup.o(RESET)
    USB0_Handler                             0x00000283   Thumb Code     0  startup.o(RESET)
    WDT_Handler                              0x00000283   Thumb Code     0  startup.o(RESET)
    WideTimer0A_Handler                      0x00000283   Thumb Code     0  startup.o(RESET)
    WideTimer0B_Handler                      0x00000283   Thumb Code     0  startup.o(RESET)
    WideTimer1A_Handler                      0x00000283   Thumb Code     0  startup.o(RESET)
    WideTimer1B_Handler                      0x00000283   Thumb Code     0  startup.o(RESET)
    WideTimer2A_Handler                      0x00000283   Thumb Code     0  startup.o(RESET)
    WideTimer2B_Handler                      0x00000283   Thumb Code     0  startup.o(RESET)
    WideTimer3A_Handler                      0x00000283   Thumb Code     0  startup.o(RESET)
    WideTimer3B_Handler                      0x00000283   Thumb Code     0  startup.o(RESET)
    WideTimer4A_Handler                      0x00000283   Thumb Code     0  startup.o(RESET)
    WideTimer4B_Handler                      0x00000283   Thumb Code     0  startup.o(RESET)
    WideTimer5A_Handler                      0x00000283   Thumb Code     0  startup.o(RESET)
    WideTimer5B_Handler                      0x00000283   Thumb Code     0  startup.o(RESET)
    uDMA_Error                               0x00000283   Thumb Code     0  startup.o(RESET)
    uDMA_Handler                             0x00000283   Thumb Code     0  startup.o(RESET)
    __main                                   0x00000285   Thumb Code     0  entry.o(.ARM.Collect$$$$00000000)
    _main_stk                                0x00000285   Thumb Code     0  entry2.o(.ARM.Collect$$$$00000001)
    _main_scatterload                        0x00000289   Thumb Code     0  entry5.o(.ARM.Collect$$$$00000004)
    __main_after_scatterload                 0x0000028d   Thumb Code     0  entry5.o(.ARM.Collect$$$$00000004)
    _main_clock                              0x0000028d   Thumb Code     0  entry7b.o(.ARM.Collect$$$$00000008)
    _main_cpp_init                           0x0000028d   Thumb Code     0  entry8b.o(.ARM.Collect$$$$0000000A)
    _main_init                               0x0000028d   Thumb Code     0  entry9a.o(.ARM.Collect$$$$0000000B)
    __rt_final_cpp                           0x00000295   Thumb Code     0  entry10a.o(.ARM.Collect$$$$0000000D)
    __rt_final_exit                          0x00000295   Thumb Code     0  entry11a.o(.ARM.Collect$$$$0000000F)
    DisableInterrupts                        0x00000299   Thumb Code     0  startup.o(.text)
    EnableInterrupts                         0x0000029d   Thumb Code     0  startup.o(.text)
    StartCritical                            0x000002a1   Thumb Code     0  startup.o(.text)
    EndCritical                              0x000002a9   Thumb Code     0  startup.o(.text)
    WaitForInterrupt                         0x000002af   Thumb Code     0  startup.o(.text)
    __scatterload                            0x000002b5   Thumb Code    28  init.o(.text)
    __scatterload_rt2                        0x000002b5   Thumb Code     0  init.o(.text)
    __decompress                             0x000002d9   Thumb Code     0  __dczerorl2.o(.text)
    __decompress1                            0x000002d9   Thumb Code    86  __dczerorl2.o(.text)
    PLL_Init                                 0x00000331   Thumb Code   120  pll.o(i.PLL_Init)
    __scatterload_copy                       0x000003ad   Thumb Code    14  handlers.o(i.__scatterload_copy)
    __scatterload_null                       0x000003bb   Thumb Code     2  handlers.o(i.__scatterload_null)
    __scatterload_zeroinit                   0x000003bd   Thumb Code    14  handlers.o(i.__scatterload_zeroinit)
    delayms                                  0x000003cb   Thumb Code    32  gdew042t2.o(i.delayms)
    demo_keys                                0x000003eb   Thumb Code    76  main.o(i.demo_keys)
    epd_display_frame_buffer                 0x00000437   Thumb Code   134  gdew042t2.o(i.epd_display_frame_buffer)
    epd_init                                 0x000004bd   Thumb Code   120  gdew042t2.o(i.epd_init)
    epd_is_idle                              0x00000535   Thumb Code    18  gdew042t2.o(i.epd_is_idle)
    epd_set_lut_fast                         0x00000549   Thumb Code   128  gdew042t2.o(i.epd_set_lut_fast)
    epd_set_lut_slow                         0x000005dd   Thumb Code   128  gdew042t2.o(i.epd_set_lut_slow)
    epdgl_clear                              0x000006bd   Thumb Code    22  epdgl.o(i.epdgl_clear)
    epdgl_draw_char                          0x00000779   Thumb Code   170  epdgl.o(i.epdgl_draw_char)
    epdgl_draw_pixel                         0x0000082d   Thumb Code    24  epdgl.o(i.epdgl_draw_pixel)
    epdgl_draw_string                        0x00000845   Thumb Code    26  epdgl.o(i.epdgl_draw_string)
    epdgl_set_cursor                         0x00000861   Thumb Code    10  epdgl.o(i.epdgl_set_cursor)
    epdgl_set_orientation                    0x00000875   Thumb Code     6  epdgl.o(i.epdgl_set_orientation)
    epdgl_update_screen                      0x00000881   Thumb Code    72  epdgl.o(i.epdgl_update_screen)
    key_fifo_get                             0x000008d1   Thumb Code    66  keypad.o(i.key_fifo_get)
    key_fifo_put                             0x00000919   Thumb Code    68  keypad.o(i.key_fifo_put)
    keypad_init                              0x00000961   Thumb Code    78  keypad.o(i.keypad_init)
    keypad_scan                              0x000009c9   Thumb Code   158  keypad.o(i.keypad_scan)
    main                                     0x00000a85   Thumb Code    46  main.o(i.main)
    portFinit                                0x00000ab5   Thumb Code    70  main.o(i.portFinit)
    print_key                                0x00000b11   Thumb Code    44  main.o(i.print_key)
    reset                                    0x00000b55   Thumb Code    32  gdew042t2.o(i.reset)
    select                                   0x00000b79   Thumb Code    24  gdew042t2.o(i.select)
    tm4cInit                                 0x00000b95   Thumb Code   276  gdew042t2.o(i.tm4cInit)
    waitPF4                                  0x00000ccd   Thumb Code    34  main.o(i.waitPF4)
    wait_until_idle                          0x00000cf5   Thumb Code    22  gdew042t2.o(i.wait_until_idle)
    writecmd                                 0x00000d0d   Thumb Code    40  gdew042t2.o(i.writecmd)
    writedata                                0x00000d3d   Thumb Code    26  gdew042t2.o(i.writedata)
    lut_vcom0_fast                           0x00000d60   Data          44  gdew042t2.o(.constdata)
    lut_ww_fast                              0x00000d8c   Data          42  gdew042t2.o(.constdata)
    lut_bw_fast                              0x00000db6   Data          42  gdew042t2.o(.constdata)
    lut_bb_fast                              0x00000de0   Data          42  gdew042t2.o(.constdata)
    lut_wb_fast                              0x00000e0a   Data          42  gdew042t2.o(.constdata)
    lut_vcom0_slow                           0x00000e34   Data          44  gdew042t2.o(.constdata)
    lut_ww_slow                              0x00000e60   Data          42  gdew042t2.o(.constdata)
    lut_bw_slow                              0x00000e8a   Data          42  gdew042t2.o(.constdata)
    lut_bb_slow                              0x00000eb4   Data          42  gdew042t2.o(.constdata)
    lut_wb_slow                              0x00000ede   Data          42  gdew042t2.o(.constdata)
    lut_vcom0_partial                        0x00000f08   Data          44  gdew042t2.o(.constdata)
    lut_ww_partial                           0x00000f34   Data          42  gdew042t2.o(.constdata)
    lut_bw_partial                           0x00000f5e   Data          42  gdew042t2.o(.constdata)
    lut_bb_partial                           0x00000f88   Data          42  gdew042t2.o(.constdata)
    lut_wb_partial                           0x00000fb2   Data          42  gdew042t2.o(.constdata)
    KEYMAP                                   0x000022b3   Data          84  keypad.o(.constdata)
    Region$$Table$$Base                      0x00002458   Number         0  anon$$obj.o(Region$$Table)
    Region$$Table$$Limit                     0x00002478   Number         0  anon$$obj.o(Region$$Table)
    t_cfg                                    0x20000000   Data           8  main.o(.data)
    KEY_STRINGS                              0x20000008   Data         284  main.o(.data)
    CascadiaMono24                           0x20000134   Data          16  font.o(.data)
    EVENT_QUEUE                              0x20003bec   Data          72  keypad.o(.bss)
    __initial_sp                             0x20004038   Data           0  startup.o(STACK)



==============================================================================

Memory Map of the image

  Image Entry point : 0x0000026d

  Load Region LR_1 (Base: 0x00000000, Size: 0x000025cc, Max: 0xffffffff, ABSOLUTE, COMPRESSED[0x0000255c])

    Execution Region ER_RO (Exec base: 0x00000000, Load base: 0x00000000, Size: 0x00002478, Max: 0xffffffff, ABSOLUTE)

    Exec Addr    Load Addr    Size         Type   Attr      Idx    E Section Name        Object

    0x00000000   0x00000000   0x00000284   Code   RO            3  * RESET               startup.o
    0x00000284   0x00000284   0x00000000   Code   RO          500  * .ARM.Collect$$$$00000000  mc_w.l(entry.o)
    0x00000284   0x00000284   0x00000004   Code   RO          503    .ARM.Collect$$$$00000001  mc_w.l(entry2.o)
    0x00000288   0x00000288   0x00000004   Code   RO          506    .ARM.Collect$$$$00000004  mc_w.l(entry5.o)
    0x0000028c   0x0000028c   0x00000000   Code   RO          508    .ARM.Collect$$$$00000008  mc_w.l(entry7b.o)
    0x0000028c   0x0000028c   0x00000000   Code   RO          510    .ARM.Collect$$$$0000000A  mc_w.l(entry8b.o)
    0x0000028c   0x0000028c   0x00000008   Code   RO          511    .ARM.Collect$$$$0000000B  mc_w.l(entry9a.o)
    0x00000294   0x00000294   0x00000000   Code   RO          513    .ARM.Collect$$$$0000000D  mc_w.l(entry10a.o)
    0x00000294   0x00000294   0x00000000   Code   RO          515    .ARM.Collect$$$$0000000F  mc_w.l(entry11a.o)
    0x00000294   0x00000294   0x00000004   Code   RO          504    .ARM.Collect$$$$00002712  mc_w.l(entry2.o)
    0x00000298   0x00000298   0x0000001c   Code   RO            4    .text               startup.o
    0x000002b4   0x000002b4   0x00000024   Code   RO          517    .text               mc_w.l(init.o)
    0x000002d8   0x000002d8   0x00000056   Code   RO          527    .text               mc_w.l(__dczerorl2.o)
    0x0000032e   0x0000032e   0x00000002   PAD
    0x00000330   0x00000330   0x0000007c   Code   RO           12    i.PLL_Init          pll.o
    0x000003ac   0x000003ac   0x0000000e   Code   RO          521    i.__scatterload_copy  mc_w.l(handlers.o)
    0x000003ba   0x000003ba   0x00000002   Code   RO          522    i.__scatterload_null  mc_w.l(handlers.o)
    0x000003bc   0x000003bc   0x0000000e   Code   RO          523    i.__scatterload_zeroinit  mc_w.l(handlers.o)
    0x000003ca   0x000003ca   0x00000020   Code   RO          159    i.delayms           gdew042t2.o
    0x000003ea   0x000003ea   0x0000004c   Code   RO           81    i.demo_keys         main.o
    0x00000436   0x00000436   0x00000086   Code   RO          163    i.epd_display_frame_buffer  gdew042t2.o
    0x000004bc   0x000004bc   0x00000078   Code   RO          164    i.epd_init          gdew042t2.o
    0x00000534   0x00000534   0x00000012   Code   RO          165    i.epd_is_idle       gdew042t2.o
    0x00000546   0x00000546   0x00000002   PAD
    0x00000548   0x00000548   0x00000094   Code   RO          167    i.epd_set_lut_fast  gdew042t2.o
    0x000005dc   0x000005dc   0x00000094   Code   RO          168    i.epd_set_lut_slow  gdew042t2.o
    0x00000670   0x00000670   0x0000004c   Code   RO          276    i.epdgl_absolute    epdgl.o
    0x000006bc   0x000006bc   0x0000001c   Code   RO          277    i.epdgl_clear       epdgl.o
    0x000006d8   0x000006d8   0x000000a0   Code   RO          279    i.epdgl_draw_abs_pixel  epdgl.o
    0x00000778   0x00000778   0x000000b4   Code   RO          281    i.epdgl_draw_char   epdgl.o
    0x0000082c   0x0000082c   0x00000018   Code   RO          285    i.epdgl_draw_pixel  epdgl.o
    0x00000844   0x00000844   0x0000001a   Code   RO          287    i.epdgl_draw_string  epdgl.o
    0x0000085e   0x0000085e   0x00000002   PAD
    0x00000860   0x00000860   0x00000014   Code   RO          293    i.epdgl_set_cursor  epdgl.o
    0x00000874   0x00000874   0x0000000c   Code   RO          294    i.epdgl_set_orientation  epdgl.o
    0x00000880   0x00000880   0x00000050   Code   RO          295    i.epdgl_update_screen  epdgl.o
    0x000008d0   0x000008d0   0x00000048   Code   RO          459    i.key_fifo_get      keypad.o
    0x00000918   0x00000918   0x00000048   Code   RO          460    i.key_fifo_put      keypad.o
    0x00000960   0x00000960   0x00000068   Code   RO          462    i.keypad_init       keypad.o
    0x000009c8   0x000009c8   0x000000bc   Code   RO          463    i.keypad_scan       keypad.o
    0x00000a84   0x00000a84   0x0000002e   Code   RO           82    i.main              main.o
    0x00000ab2   0x00000ab2   0x00000002   PAD
    0x00000ab4   0x00000ab4   0x0000005c   Code   RO           83    i.portFinit         main.o
    0x00000b10   0x00000b10   0x00000044   Code   RO           84    i.print_key         main.o
    0x00000b54   0x00000b54   0x00000024   Code   RO          171    i.reset             gdew042t2.o
    0x00000b78   0x00000b78   0x0000001c   Code   RO          172    i.select            gdew042t2.o
    0x00000b94   0x00000b94   0x00000138   Code   RO          173    i.tm4cInit          gdew042t2.o
    0x00000ccc   0x00000ccc   0x00000028   Code   RO           85    i.waitPF4           main.o
    0x00000cf4   0x00000cf4   0x00000016   Code   RO          174    i.wait_until_idle   gdew042t2.o
    0x00000d0a   0x00000d0a   0x00000002   PAD
    0x00000d0c   0x00000d0c   0x00000030   Code   RO          175    i.writecmd          gdew042t2.o
    0x00000d3c   0x00000d3c   0x00000024   Code   RO          176    i.writedata         gdew042t2.o
    0x00000d60   0x00000d60   0x0000027c   Data   RO          177    .constdata          gdew042t2.o
    0x00000fdc   0x00000fdc   0x000012d7   Data   RO          401    .constdata          font.o
    0x000022b3   0x000022b3   0x00000054   Data   RO          465    .constdata          keypad.o
    0x00002307   0x00002307   0x00000001   PAD
    0x00002308   0x00002308   0x0000014e   Data   RO           86    .conststring        main.o
    0x00002456   0x00002456   0x00000002   PAD
    0x00002458   0x00002458   0x00000020   Data   RO          519    Region$$Table       anon$$obj.o


    Execution Region ER_RW (Exec base: 0x20000000, Load base: 0x00002478, Size: 0x00000154, Max: 0xffffffff, ABSOLUTE, COMPRESSED[0x000000e4])

    Exec Addr    Load Addr    Size         Type   Attr      Idx    E Section Name        Object

    0x20000000   COMPRESSED   0x00000124   Data   RW           87    .data               main.o
    0x20000124   COMPRESSED   0x00000010   Data   RW          297    .data               epdgl.o
    0x20000134   COMPRESSED   0x00000010   Data   RW          402    .data               font.o
    0x20000144   COMPRESSED   0x0000000d   Data   RW          466    .data               keypad.o


    Execution Region ER_ZI (Exec base: 0x20000154, Load base: 0x0000255c, Size: 0x00003ee4, Max: 0xffffffff, ABSOLUTE)

    Exec Addr    Load Addr    Size         Type   Attr      Idx    E Section Name        Object

    0x20000154        -       0x00003a98   Zero   RW          296    .bss                epdgl.o
    0x20003bec        -       0x00000048   Zero   RW          464    .bss                keypad.o
    0x20003c34   0x0000255c   0x00000004   PAD
    0x20003c38        -       0x00000400   Zero   RW            1    STACK               startup.o


==============================================================================

Image component sizes


      Code (inc. data)   RO Data    RW Data    ZI Data      Debug   Object Name

       606         48          0         16      15000       5516   epdgl.o
         0          0       4823         16          0       1001   font.o
      1082        102        636          0          0       8963   gdew042t2.o
       436         66         84         13         72       3179   keypad.o
       322         52        334        292          0       5394   main.o
       124          4          0          0          0       4963   pll.o
       672        622          0          0       1024        956   startup.o

    ----------------------------------------------------------------------
      3250        894       5912        340      16100      29972   Object Totals
         0          0         32          0          0          0   (incl. Generated)
         8          0          3          3          4          0   (incl. Padding)

    ----------------------------------------------------------------------

      Code (inc. data)   RO Data    RW Data    ZI Data      Debug   Library Member Name

        86          0          0          0          0          0   __dczerorl2.o
         0          0          0          0          0          0   entry.o
         0          0          0          0          0          0   entry10a.o
         0          0          0          0          0          0   entry11a.o
         8          4          0          0          0          0   entry2.o
         4          0          0          0          0          0   entry5.o
         0          0          0          0          0          0   entry7b.o
         0          0          0          0          0          0   entry8b.o
         8          4          0          0          0          0   entry9a.o
        30          0          0          0          0          0   handlers.o
        36          8          0          0          0         68   init.o

    ----------------------------------------------------------------------
       174         16          0          0          0         68   Library Totals
         2          0          0          0          0          0   (incl. Padding)

    ----------------------------------------------------------------------

      Code (inc. data)   RO Data    RW Data    ZI Data      Debug   Library Name

       172         16          0          0          0         68   mc_w.l

    ----------------------------------------------------------------------
       174         16          0          0          0         68   Library Totals

    ----------------------------------------------------------------------

==============================================================================


      Code (inc. data)   RO Data    RW Data    ZI Data      Debug   

      3424        910       5912        340      16100      28868   Grand Totals
      3424        910       5912        228      16100      28868   ELF Image Totals (compressed)
      3424        910       5912        228          0          0   ROM Totals

==============================================================================

    Total RO  Size (Code + RO Data)                 9336 (   9.12kB)
    Total RW  Size (RW Data + ZI Data)             16440 (  16.05kB)
    Total ROM Size (Code + RO Data + RW Data)       9564 (   9.34kB)

==============================================================================

